 tolua++

 Timestamp is 4d3c439b (Sun Jan 23 23:04:59 2011)

 Preferred load address is 00400000

 Start         Length     Name                   Class
 0001:00000000 00035e8eH .text                   CODE
 0002:00000000 00000168H .idata$5                DATA
 0002:00000168 00000004H .CRT$XCA                DATA
 0002:0000016c 00000004H .CRT$XCZ                DATA
 0002:00000170 00000004H .CRT$XIA                DATA
 0002:00000174 00000018H .CRT$XIC                DATA
 0002:0000018c 00000004H .CRT$XIY                DATA
 0002:00000190 00000004H .CRT$XIZ                DATA
 0002:00000194 00000004H .CRT$XPA                DATA
 0002:00000198 00000008H .CRT$XPX                DATA
 0002:000001a0 00000004H .CRT$XPXA               DATA
 0002:000001a4 00000004H .CRT$XPZ                DATA
 0002:000001a8 00000004H .CRT$XTA                DATA
 0002:000001ac 00000004H .CRT$XTZ                DATA
 0002:000001b0 00011550H .rdata                  DATA
 0002:00011700 00000049H .rdata$debug            DATA
 0002:00011750 0000000cH .rdata$sxdata           DATA
 0002:0001175c 00000004H .rtc$IAA                DATA
 0002:00011760 00000004H .rtc$IZZ                DATA
 0002:00011764 00000004H .rtc$TAA                DATA
 0002:00011768 00000004H .rtc$TZZ                DATA
 0002:00011770 00000728H .xdata$x                DATA
 0002:00011e98 00000014H .idata$2                DATA
 0002:00011eac 00000014H .idata$3                DATA
 0002:00011ec0 00000168H .idata$4                DATA
 0002:00012028 0000066cH .idata$6                DATA
 0002:00012694 00000000H .edata                  DATA
 0003:00000000 0001537eH .data                   DATA
 0003:00015380 00001ee4H .bss                    DATA

  Address         Publics by Value              Rva+Base       Lib:Object

 0000:00000000       __except_list              00000000     <absolute>
 0000:00000003       ___safe_se_handler_count   00000003     <absolute>
 0000:00000000       ___ImageBase               00400000     <linker-defined>
 0001:00000080       _main                      00401080 f   tolua.obj
 0001:00000410       _luaL_where                00401410 f   lua-5.1:lauxlib.obj
 0001:00000480       _luaL_error                00401480 f   lua-5.1:lauxlib.obj
 0001:00000500       _luaL_newmetatable         00401500 f   lua-5.1:lauxlib.obj
 0001:00000560       _luaL_checkstack           00401560 f   lua-5.1:lauxlib.obj
 0001:00000590       _luaL_getmetafield         00401590 f   lua-5.1:lauxlib.obj
 0001:000005f0       _luaL_callmeta             004015f0 f   lua-5.1:lauxlib.obj
 0001:00000680       _luaL_findtable            00401680 f   lua-5.1:lauxlib.obj
 0001:000007f0       _luaL_prepbuffer           004017f0 f   lua-5.1:lauxlib.obj
 0001:00000830       _luaL_addlstring           00401830 f   lua-5.1:lauxlib.obj
 0001:00000890       _luaL_pushresult           00401890 f   lua-5.1:lauxlib.obj
 0001:000008e0       _luaL_addvalue             004018e0 f   lua-5.1:lauxlib.obj
 0001:00000970       _luaL_buffinit             00401970 f   lua-5.1:lauxlib.obj
 0001:00000a40       _luaL_loadfile             00401a40 f   lua-5.1:lauxlib.obj
 0001:00000c90       _luaL_loadbuffer           00401c90 f   lua-5.1:lauxlib.obj
 0001:00000d20       _luaL_newstate             00401d20 f   lua-5.1:lauxlib.obj
 0001:00000dc0       _lua_dofile                00401dc0 f   lua-5.1:lauxlib.obj
 0001:00000e00       _luaL_argerror             00401e00 f   lua-5.1:lauxlib.obj
 0001:00000ed0       _luaL_checkudata           00401ed0 f   lua-5.1:lauxlib.obj
 0001:00000f60       _luaL_checktype            00401f60 f   lua-5.1:lauxlib.obj
 0001:00000fc0       _luaL_checkany             00401fc0 f   lua-5.1:lauxlib.obj
 0001:00000ff0       _luaL_checklstring         00401ff0 f   lua-5.1:lauxlib.obj
 0001:00001050       _luaL_optlstring           00402050 f   lua-5.1:lauxlib.obj
 0001:000010b0       _luaL_checknumber          004020b0 f   lua-5.1:lauxlib.obj
 0001:00001130       _luaL_optnumber            00402130 f   lua-5.1:lauxlib.obj
 0001:00001160       _luaL_checkinteger         00402160 f   lua-5.1:lauxlib.obj
 0001:000011d0       _luaL_optinteger           004021d0 f   lua-5.1:lauxlib.obj
 0001:00001200       _luaL_openlib              00402200 f   lua-5.1:lauxlib.obj
 0001:00001320       _luaL_gsub                 00402320 f   lua-5.1:lauxlib.obj
 0001:00001450       _luaL_checkoption          00402450 f   lua-5.1:lauxlib.obj
 0001:00001540       _luaL_register             00402540 f   lua-5.1:lauxlib.obj
 0001:000015e0       _luaA_pushobject           004025e0 f   lua-5.1:lapi.obj
 0001:00001610       _lua_checkstack            00402610 f   lua-5.1:lapi.obj
 0001:00001680       _lua_xmove                 00402680 f   lua-5.1:lapi.obj
 0001:000016e0       _lua_setlevel              004026e0 f   lua-5.1:lapi.obj
 0001:00001700       _lua_atpanic               00402700 f   lua-5.1:lapi.obj
 0001:00001720       _lua_newthread             00402720 f   lua-5.1:lapi.obj
 0001:00001760       _lua_gettop                00402760 f   lua-5.1:lapi.obj
 0001:00001780       _lua_settop                00402780 f   lua-5.1:lapi.obj
 0001:000017d0       _lua_remove                004027d0 f   lua-5.1:lapi.obj
 0001:00001820       _lua_insert                00402820 f   lua-5.1:lapi.obj
 0001:00001880       _lua_replace               00402880 f   lua-5.1:lapi.obj
 0001:00001940       _lua_pushvalue             00402940 f   lua-5.1:lapi.obj
 0001:00001970       _lua_type                  00402970 f   lua-5.1:lapi.obj
 0001:00001990       _lua_typename              00402990 f   lua-5.1:lapi.obj
 0001:000019b0       _lua_iscfunction           004029b0 f   lua-5.1:lapi.obj
 0001:000019e0       _lua_isnumber              004029e0 f   lua-5.1:lapi.obj
 0001:00001a20       _lua_isstring              00402a20 f   lua-5.1:lapi.obj
 0001:00001a50       _lua_rawequal              00402a50 f   lua-5.1:lapi.obj
 0001:00001aa0       _lua_lessthan              00402aa0 f   lua-5.1:lapi.obj
 0001:00001af0       _lua_tonumber              00402af0 f   lua-5.1:lapi.obj
 0001:00001b30       _lua_tointeger             00402b30 f   lua-5.1:lapi.obj
 0001:00001b70       _lua_toboolean             00402b70 f   lua-5.1:lapi.obj
 0001:00001ba0       _lua_tolstring             00402ba0 f   lua-5.1:lapi.obj
 0001:00001c10       _lua_objlen                00402c10 f   lua-5.1:lapi.obj
 0001:00001c80       _lua_tocfunction           00402c80 f   lua-5.1:lapi.obj
 0001:00001cb0       _lua_touserdata            00402cb0 f   lua-5.1:lapi.obj
 0001:00001ce0       _lua_tothread              00402ce0 f   lua-5.1:lapi.obj
 0001:00001d00       _lua_topointer             00402d00 f   lua-5.1:lapi.obj
 0001:00001d70       _lua_pushnil               00402d70 f   lua-5.1:lapi.obj
 0001:00001d90       _lua_pushnumber            00402d90 f   lua-5.1:lapi.obj
 0001:00001db0       _lua_pushinteger           00402db0 f   lua-5.1:lapi.obj
 0001:00001dd0       _lua_pushlstring           00402dd0 f   lua-5.1:lapi.obj
 0001:00001e20       _lua_pushstring            00402e20 f   lua-5.1:lapi.obj
 0001:00001e90       _lua_pushvfstring          00402e90 f   lua-5.1:lapi.obj
 0001:00001ec0       _lua_pushfstring           00402ec0 f   lua-5.1:lapi.obj
 0001:00001ef0       _lua_pushcclosure          00402ef0 f   lua-5.1:lapi.obj
 0001:00001f90       _lua_pushboolean           00402f90 f   lua-5.1:lapi.obj
 0001:00001fb0       _lua_pushlightuserdata     00402fb0 f   lua-5.1:lapi.obj
 0001:00001fe0       _lua_pushthread            00402fe0 f   lua-5.1:lapi.obj
 0001:00002010       _lua_gettable              00403010 f   lua-5.1:lapi.obj
 0001:00002040       _lua_getfield              00403040 f   lua-5.1:lapi.obj
 0001:000020a0       _lua_rawget                004030a0 f   lua-5.1:lapi.obj
 0001:000020e0       _lua_rawgeti               004030e0 f   lua-5.1:lapi.obj
 0001:00002120       _lua_createtable           00403120 f   lua-5.1:lapi.obj
 0001:00002170       _lua_getmetatable          00403170 f   lua-5.1:lapi.obj
 0001:000021d0       _lua_getfenv               004031d0 f   lua-5.1:lapi.obj
 0001:00002240       _lua_settable              00403240 f   lua-5.1:lapi.obj
 0001:00002270       _lua_setfield              00403270 f   lua-5.1:lapi.obj
 0001:000022d0       _lua_rawset                004032d0 f   lua-5.1:lapi.obj
 0001:00002340       _lua_rawseti               00403340 f   lua-5.1:lapi.obj
 0001:000023b0       _lua_setmetatable          004033b0 f   lua-5.1:lapi.obj
 0001:00002460       _lua_setfenv               00403460 f   lua-5.1:lapi.obj
 0001:000024f0       _lua_call                  004034f0 f   lua-5.1:lapi.obj
 0001:00002550       _lua_pcall                 00403550 f   lua-5.1:lapi.obj
 0001:000025c0       _lua_load                  004035c0 f   lua-5.1:lapi.obj
 0001:00002600       _lua_dump                  00403600 f   lua-5.1:lapi.obj
 0001:00002640       _lua_status                00403640 f   lua-5.1:lapi.obj
 0001:00002650       _lua_gc                    00403650 f   lua-5.1:lapi.obj
 0001:00002750       _lua_error                 00403750 f   lua-5.1:lapi.obj
 0001:00002770       _lua_next                  00403770 f   lua-5.1:lapi.obj
 0001:000027b0       _lua_concat                004037b0 f   lua-5.1:lapi.obj
 0001:00002830       _lua_newuserdata           00403830 f   lua-5.1:lapi.obj
 0001:00002890       _lua_getupvalue            00403890 f   lua-5.1:lapi.obj
 0001:00002920       _lua_setupvalue            00403920 f   lua-5.1:lapi.obj
 0001:000029d0       _luaL_openlibs             004039d0 f   lua-5.1:linit.obj
 0001:00002a70       _lua_sethook               00403a70 f   lua-5.1:ldebug.obj
 0001:00002aa0       _lua_gethook               00403aa0 f   lua-5.1:ldebug.obj
 0001:00002ab0       _lua_gethookmask           00403ab0 f   lua-5.1:ldebug.obj
 0001:00002ac0       _lua_gethookcount          00403ac0 f   lua-5.1:ldebug.obj
 0001:00002ad0       _lua_getstack              00403ad0 f   lua-5.1:ldebug.obj
 0001:00002bc0       _lua_getlocal              00403bc0 f   lua-5.1:ldebug.obj
 0001:00002c10       _lua_setlocal              00403c10 f   lua-5.1:ldebug.obj
 0001:00002de0       _luaG_checkopenop          00403de0 f   lua-5.1:ldebug.obj
 0001:000032d0       _luaG_checkcode            004042d0 f   lua-5.1:ldebug.obj
 0001:000035b0       _luaG_errormsg             004045b0 f   lua-5.1:ldebug.obj
 0001:00003640       _luaG_runerror             00404640 f   lua-5.1:ldebug.obj
 0001:000037b0       _lua_getinfo               004047b0 f   lua-5.1:ldebug.obj
 0001:00003870       _luaG_typeerror            00404870 f   lua-5.1:ldebug.obj
 0001:00003900       _luaG_concaterror          00404900 f   lua-5.1:ldebug.obj
 0001:00003930       _luaG_aritherror           00404930 f   lua-5.1:ldebug.obj
 0001:00003970       _luaG_ordererror           00404970 f   lua-5.1:ldebug.obj
 0001:00003b60       _luaE_newthread            00404b60 f   lua-5.1:lstate.obj
 0001:00003c00       _luaE_freethread           00404c00 f   lua-5.1:lstate.obj
 0001:00003c60       _lua_newstate              00404c60 f   lua-5.1:lstate.obj
 0001:00003d90       _luaO_int2fb               00404d90 f   lua-5.1:lobject.obj
 0001:00003dc0       _luaO_fb2int               00404dc0 f   lua-5.1:lobject.obj
 0001:00003de0       _luaO_log2                 00404de0 f   lua-5.1:lobject.obj
 0001:00003e10       _luaO_rawequalObj          00404e10 f   lua-5.1:lobject.obj
 0001:00003e70       _luaO_str2d                00404e70 f   lua-5.1:lobject.obj
 0001:00003f10       _luaO_pushvfstring         00404f10 f   lua-5.1:lobject.obj
 0001:00004270       _luaO_pushfstring          00405270 f   lua-5.1:lobject.obj
 0001:00004290       _luaO_chunkid              00405290 f   lua-5.1:lobject.obj
 0001:000043e0       _luaD_seterrorobj          004053e0 f   lua-5.1:ldo.obj
 0001:00004460       _luaD_rawrunprotected      00405460 f   lua-5.1:ldo.obj
 0001:00004540       _luaD_reallocstack         00405540 f   lua-5.1:ldo.obj
 0001:000045a0       _luaD_reallocCI            004055a0 f   lua-5.1:ldo.obj
 0001:00004620       _luaD_growstack            00405620 f   lua-5.1:ldo.obj
 0001:00004650       _luaD_callhook             00405650 f   lua-5.1:ldo.obj
 0001:00004a80       _luaD_poscall              00405a80 f   lua-5.1:ldo.obj
 0001:00004b90       _lua_yield                 00405b90 f   lua-5.1:ldo.obj
 0001:00004d80       _luaD_throw                00405d80 f   lua-5.1:ldo.obj
 0001:00004e10       _luaD_precall              00405e10 f   lua-5.1:ldo.obj
 0001:00004fe0       _luaD_call                 00405fe0 f   lua-5.1:ldo.obj
 0001:000050f0       _lua_resume                004060f0 f   lua-5.1:ldo.obj
 0001:000051a0       _luaD_pcall                004061a0 f   lua-5.1:ldo.obj
 0001:000052a0       _luaD_protectedparser      004062a0 f   lua-5.1:ldo.obj
 0001:00005f30       _luaC_freeall              00406f30 f   lua-5.1:lgc.obj
 0001:00006460       _luaC_step                 00407460 f   lua-5.1:lgc.obj
 0001:000065f0       _luaC_fullgc               004075f0 f   lua-5.1:lgc.obj
 0001:00006660       _luaC_barrierf             00407660 f   lua-5.1:lgc.obj
 0001:000066a0       _luaC_barrierback          004076a0 f   lua-5.1:lgc.obj
 0001:000066c0       _luaC_link                 004076c0 f   lua-5.1:lgc.obj
 0001:000066f0       _luaC_linkupval            004076f0 f   lua-5.1:lgc.obj
 0001:00006760       _luaT_init                 00407760 f   lua-5.1:ltm.obj
 0001:000067d0       _luaT_gettm                004077d0 f   lua-5.1:ltm.obj
 0001:00006800       _luaT_gettmbyobj           00407800 f   lua-5.1:ltm.obj
 0001:00006860       _luaV_tonumber             00407860 f   lua-5.1:lvm.obj
 0001:000068b0       _luaV_tostring             004078b0 f   lua-5.1:lvm.obj
 0001:00006ae0       _luaV_gettable             00407ae0 f   lua-5.1:lvm.obj
 0001:00006c40       _luaV_settable             00407c40 f   lua-5.1:lvm.obj
 0001:00006ee0       _luaV_lessthan             00407ee0 f   lua-5.1:lvm.obj
 0001:00007010       _luaV_equalval             00408010 f   lua-5.1:lvm.obj
 0001:000070f0       _luaV_concat               004080f0 f   lua-5.1:lvm.obj
 0001:00007520       _luaV_execute              00408520 f   lua-5.1:lvm.obj
 0001:00008860       _luaH_next                 00409860 f   lua-5.1:ltable.obj
 0001:00008c10       _luaH_new                  00409c10 f   lua-5.1:ltable.obj
 0001:00008c70       _luaH_free                 00409c70 f   lua-5.1:ltable.obj
 0001:00008cd0       _luaH_getnum               00409cd0 f   lua-5.1:ltable.obj
 0001:00008d60       _luaH_getstr               00409d60 f   lua-5.1:ltable.obj
 0001:00008da0       _luaH_get                  00409da0 f   lua-5.1:ltable.obj
 0001:00008e50       _luaH_set                  00409e50 f   lua-5.1:ltable.obj
 0001:00008ec0       _luaH_setnum               00409ec0 f   lua-5.1:ltable.obj
 0001:00009030       _luaH_getn                 0040a030 f   lua-5.1:ltable.obj
 0001:00009260       _luaH_resizearray          0040a260 f   lua-5.1:ltable.obj
 0001:000094a0       _luaH_setstr               0040a4a0 f   lua-5.1:ltable.obj
 0001:00009500       _luaS_resize               0040a500 f   lua-5.1:lstring.obj
 0001:00009660       _luaS_newlstr              0040a660 f   lua-5.1:lstring.obj
 0001:00009750       _luaS_newudata             0040a750 f   lua-5.1:lstring.obj
 0001:000097b0       _luaF_newCclosure          0040a7b0 f   lua-5.1:lfunc.obj
 0001:00009800       _luaF_newLclosure          0040a800 f   lua-5.1:lfunc.obj
 0001:00009860       _luaF_newupval             0040a860 f   lua-5.1:lfunc.obj
 0001:000098a0       _luaF_findupval            0040a8a0 f   lua-5.1:lfunc.obj
 0001:00009930       _luaF_freeupval            0040a930 f   lua-5.1:lfunc.obj
 0001:00009970       _luaF_close                0040a970 f   lua-5.1:lfunc.obj
 0001:00009a10       _luaF_newproto             0040aa10 f   lua-5.1:lfunc.obj
 0001:00009a70       _luaF_freeproto            0040aa70 f   lua-5.1:lfunc.obj
 0001:00009b10       _luaF_freeclosure          0040ab10 f   lua-5.1:lfunc.obj
 0001:00009b60       _luaF_getlocalname         0040ab60 f   lua-5.1:lfunc.obj
 0001:00009bb0       _luaZ_fill                 0040abb0 f   lua-5.1:lzio.obj
 0001:00009bf0       _luaZ_lookahead            0040abf0 f   lua-5.1:lzio.obj
 0001:00009c50       _luaZ_init                 0040ac50 f   lua-5.1:lzio.obj
 0001:00009c80       _luaZ_read                 0040ac80 f   lua-5.1:lzio.obj
 0001:00009d10       _luaZ_openspace            0040ad10 f   lua-5.1:lzio.obj
 0001:0000a270       _luaU_dump                 0040b270 f   lua-5.1:ldump.obj
 0001:0000af80       _luaopen_debug             0040bf80 f   lua-5.1:ldblib.obj
 0001:0000b6d0       _luaopen_math              0040c6d0 f   lua-5.1:lmathlib.obj
 0001:0000d340       _luaopen_string            0040e340 f   lua-5.1:lstrlib.obj
 0001:0000db50       _luaopen_os                0040eb50 f   lua-5.1:loslib.obj
 0001:0000eae0       _luaopen_io                0040fae0 f   lua-5.1:liolib.obj
 0001:0000f740       _luaopen_table             00410740 f   lua-5.1:ltablib.obj
 0001:00010200       _luaopen_package           00411200 f   lua-5.1:loadlib.obj
 0001:00011600       _luaopen_base              00412600 f   lua-5.1:lbaselib.obj
 0001:00011630       _luaM_toobig               00412630 f   lua-5.1:lmem.obj
 0001:00011650       _luaM_realloc_             00412650 f   lua-5.1:lmem.obj
 0001:000116a0       _luaM_growaux_             004126a0 f   lua-5.1:lmem.obj
 0001:000117e0       _luaX_init                 004127e0 f   lua-5.1:llex.obj
 0001:00011830       _luaX_token2str            00412830 f   lua-5.1:llex.obj
 0001:00011900       _luaX_lexerror             00412900 f   lua-5.1:llex.obj
 0001:00011980       _luaX_syntaxerror          00412980 f   lua-5.1:llex.obj
 0001:000119a0       _luaX_newstring            004129a0 f   lua-5.1:llex.obj
 0001:00011a80       _luaX_setinput             00412a80 f   lua-5.1:llex.obj
 0001:00012f70       _luaX_mergestring          00413f70 f   lua-5.1:llex.obj
 0001:00013020       _luaX_next                 00414020 f   lua-5.1:llex.obj
 0001:00013110       _luaX_lookahead            00414110 f   lua-5.1:llex.obj
 0001:00015e90       _luaY_parser               00416e90 f   lua-5.1:lparser.obj
 0001:00016850       _luaU_header               00417850 f   lua-5.1:lundump.obj
 0001:00016920       _luaU_undump               00417920 f   lua-5.1:lundump.obj
 0001:00016980       _luaK_getlabel             00417980 f   lua-5.1:lcode.obj
 0001:00016bb0       _luaK_concat               00417bb0 f   lua-5.1:lcode.obj
 0001:00016c40       _luaK_checkstack           00417c40 f   lua-5.1:lcode.obj
 0001:00016c80       _luaK_reserveregs          00417c80 f   lua-5.1:lcode.obj
 0001:00016de0       _luaK_stringK              00417de0 f   lua-5.1:lcode.obj
 0001:00016e10       _luaK_numberK              00417e10 f   lua-5.1:lcode.obj
 0001:00016e40       _luaK_setreturns           00417e40 f   lua-5.1:lcode.obj
 0001:00016ef0       _luaK_setoneret            00417ef0 f   lua-5.1:lcode.obj
 0001:00017090       _luaK_fixline              00418090 f   lua-5.1:lcode.obj
 0001:00017150       _luaK_codeABC              00418150 f   lua-5.1:lcode.obj
 0001:00017180       _luaK_codeABx              00418180 f   lua-5.1:lcode.obj
 0001:000171b0       _luaK_setlist              004181b0 f   lua-5.1:lcode.obj
 0001:00017240       _luaK_nil                  00418240 f   lua-5.1:lcode.obj
 0001:000172e0       _luaK_jump                 004182e0 f   lua-5.1:lcode.obj
 0001:00017320       _luaK_ret                  00418320 f   lua-5.1:lcode.obj
 0001:00017350       _luaK_patchtohere          00418350 f   lua-5.1:lcode.obj
 0001:00017370       _luaK_dischargevars        00418370 f   lua-5.1:lcode.obj
 0001:00017760       _luaK_exp2nextreg          00418760 f   lua-5.1:lcode.obj
 0001:000177e0       _luaK_exp2anyreg           004187e0 f   lua-5.1:lcode.obj
 0001:00017840       _luaK_exp2val              00418840 f   lua-5.1:lcode.obj
 0001:000178b0       _luaK_exp2RK               004188b0 f   lua-5.1:lcode.obj
 0001:000179e0       _luaK_storevar             004189e0 f   lua-5.1:lcode.obj
 0001:00017ad0       _luaK_self                 00418ad0 f   lua-5.1:lcode.obj
 0001:00017ce0       _luaK_goiftrue             00418ce0 f   lua-5.1:lcode.obj
 0001:00017ee0       _luaK_indexed              00418ee0 f   lua-5.1:lcode.obj
 0001:000180e0       _luaK_prefix               004190e0 f   lua-5.1:lcode.obj
 0001:00018170       _luaK_infix                00419170 f   lua-5.1:lcode.obj
 0001:00018220       _luaK_posfix               00419220 f   lua-5.1:lcode.obj
 0001:000184b0       _luaK_patchlist            004194b0 f   lua-5.1:lcode.obj
 0001:000184eb       _sprintf                   004194eb f   LIBCMT:sprintf.obj
 0001:0001856f       ___iob_func                0041956f f   LIBCMT:_file.obj
 0001:00018575       ___initstdio               00419575 f   LIBCMT:_file.obj
 0001:00018626       ___endstdio                00419626 f   LIBCMT:_file.obj
 0001:00018646       __lock_file                00419646 f   LIBCMT:_file.obj
 0001:00018687       __lock_file2               00419687 f   LIBCMT:_file.obj
 0001:000186b9       __unlock_file              004196b9 f   LIBCMT:_file.obj
 0001:000186f5       __unlock_file2             004196f5 f   LIBCMT:_file.obj
 0001:00018724       _fprintf                   00419724 f   LIBCMT:fprintf.obj
 0001:00018830       _strrchr                   00419830 f   LIBCMT:strrchr.obj
 0001:0001885d       ___crtCorExitProcess       0041985d f   LIBCMT:crt0dat.obj
 0001:00018888       ___crtExitProcess          00419888 f   LIBCMT:crt0dat.obj
 0001:000188a0       __lockexit                 004198a0 f   LIBCMT:crt0dat.obj
 0001:000188a9       __unlockexit               004198a9 f   LIBCMT:crt0dat.obj
 0001:000188b2       __init_pointers            004198b2 f   LIBCMT:crt0dat.obj
 0001:000188e5       __initterm_e               004198e5 f   LIBCMT:crt0dat.obj
 0001:00018909       __cinit                    00419909 f   LIBCMT:crt0dat.obj
 0001:00018ae0       _exit                      00419ae0 f   LIBCMT:crt0dat.obj
 0001:00018af6       __exit                     00419af6 f   LIBCMT:crt0dat.obj
 0001:00018b0c       __cexit                    00419b0c f   LIBCMT:crt0dat.obj
 0001:00018b1b       __c_exit                   00419b1b f   LIBCMT:crt0dat.obj
 0001:00018b2a       __amsg_exit                00419b2a f   LIBCMT:crt0dat.obj
 0001:00018b50       _strncat                   00419b50 f   LIBCMT:strncat.obj
 0001:00018c85       _free                      00419c85 f   LIBCMT:free.obj
 0001:00018cbf       _malloc                    00419cbf f   LIBCMT:malloc.obj
 0001:00018edd       _mainCRTStartup            00419edd f   LIBCMT:crt0.obj
 0001:00018f00       _strchr                    00419f00 f   LIBCMT:strchr.obj
 0001:00018f06       ___from_strstr_to_strchr   00419f06     LIBCMT:strchr.obj
 0001:00018fc0       _memcpy                    00419fc0 f   LIBCMT:memcpy.obj
 0001:00019321       __fread_nolock_s           0041a321 f   LIBCMT:fread.obj
 0001:000194dd       _fread_s                   0041a4dd f   LIBCMT:fread.obj
 0001:0001956b       _fread                     0041a56b f   LIBCMT:fread.obj
 0001:00019588       _feof                      0041a588 f   LIBCMT:feoferr.obj
 0001:000195b0       _ferror                    0041a5b0 f   LIBCMT:feoferr.obj
 0001:000195d8       __get_sys_err_msg          0041a5d8 f i LIBCMT:strerror.obj
 0001:00019600       _strerror                  0041a600 f   LIBCMT:strerror.obj
 0001:0001966a       __get_errno_from_oserr     0041a66a f   LIBCMT:dosmap.obj
 0001:000196ac       __errno                    0041a6ac f   LIBCMT:dosmap.obj
 0001:000196bf       ___doserrno                0041a6bf f   LIBCMT:dosmap.obj
 0001:000196d2       __dosmaperr                0041a6d2 f   LIBCMT:dosmap.obj
 0001:000196f5       __fclose_nolock            0041a6f5 f   LIBCMT:fclose.obj
 0001:00019762       _fclose                    0041a762 f   LIBCMT:fclose.obj
 0001:000197d6       __ungetc_nolock            0041a7d6 f   LIBCMT:ungetc.obj
 0001:000198b9       _ungetc                    0041a8b9 f   LIBCMT:ungetc.obj
 0001:00019922       __fsopen                   0041a922 f   LIBCMT:fopen.obj
 0001:000199de       _fopen                     0041a9de f   LIBCMT:fopen.obj
 0001:000199f5       __freopen_helper           0041a9f5 f   LIBCMT:freopen.obj
 0001:00019ac6       _freopen                   0041aac6 f   LIBCMT:freopen.obj
 0001:00019aec       _getc                      0041aaec f   LIBCMT:fgetc.obj
 0001:00019be0       _realloc                   0041abe0 f   LIBCMT:realloc.obj
 0001:00019c8d       __cfltcvt_init             0041ac8d f   LIBCMT:_fpinit_.obj
 0001:00019ced       __fpmath                   0041aced f   LIBCMT:_fpinit_.obj
 0001:00019d10       _strstr                    0041ad10 f   LIBCMT:strstr.obj
 0001:00019d96       ??0_LocaleUpdate@@QAE@PAUlocaleinfo_struct@@@Z 0041ad96 f i LIBCMT:_ctype.obj
 0001:00019e1d       __isalpha_l                0041ae1d f i LIBCMT:_ctype.obj
 0001:00019e73       _isalpha                   0041ae73 f i LIBCMT:_ctype.obj
 0001:00019ea3       __isupper_l                0041aea3 f i LIBCMT:_ctype.obj
 0001:00019ef4       _isupper                   0041aef4 f i LIBCMT:_ctype.obj
 0001:00019f22       __islower_l                0041af22 f i LIBCMT:_ctype.obj
 0001:00019f73       _islower                   0041af73 f i LIBCMT:_ctype.obj
 0001:00019fa1       __isdigit_l                0041afa1 f i LIBCMT:_ctype.obj
 0001:00019ff2       _isdigit                   0041aff2 f i LIBCMT:_ctype.obj
 0001:0001a020       __isxdigit_l               0041b020 f i LIBCMT:_ctype.obj
 0001:0001a076       _isxdigit                  0041b076 f i LIBCMT:_ctype.obj
 0001:0001a0a6       __isspace_l                0041b0a6 f i LIBCMT:_ctype.obj
 0001:0001a0f7       _isspace                   0041b0f7 f i LIBCMT:_ctype.obj
 0001:0001a125       __ispunct_l                0041b125 f i LIBCMT:_ctype.obj
 0001:0001a176       _ispunct                   0041b176 f i LIBCMT:_ctype.obj
 0001:0001a1a4       __isalnum_l                0041b1a4 f i LIBCMT:_ctype.obj
 0001:0001a1fa       _isalnum                   0041b1fa f i LIBCMT:_ctype.obj
 0001:0001a22a       __iscntrl_l                0041b22a f i LIBCMT:_ctype.obj
 0001:0001a27b       _iscntrl                   0041b27b f i LIBCMT:_ctype.obj
 0001:0001a4d4       _strtol                    0041b4d4 f   LIBCMT:strtol.obj
 0001:0001a4ff       _strtoul                   0041b4ff f   LIBCMT:strtol.obj
 0001:0001a52b       __strtod_l                 0041b52b f   LIBCMT:strtod.obj
 0001:0001a64e       _strtod                    0041b64e f   LIBCMT:strtod.obj
 0001:0001a670       _strcspn                   0041b670 f   LIBCMT:strcspn.obj
 0001:0001a6c0       _strncpy                   0041b6c0 f   LIBCMT:strncpy.obj
 0001:0001a7f0       __setjmp3                  0041b7f0 f   LIBCMT:setjmp3.obj
 0001:0001a870       _longjmp                   0041b870 f   LIBCMT:longjmp.obj
 0001:0001a921       __strcoll_l                0041b921 f   LIBCMT:strcoll.obj
 0001:0001a9bf       _strcoll                   0041b9bf f   LIBCMT:strcoll.obj
 0001:0001a9e0       _pow                       0041b9e0 f   LIBCMT:_pow_.obj
 0001:0001aa20       __CIpow                    0041ba20 f   LIBCMT:_pow_.obj
 0001:0001aa5b       __CIpow_default            0041ba5b f   LIBCMT:_pow_.obj
 0001:0001aa74       __pow_default              0041ba74     LIBCMT:_pow_.obj
 0001:0001ac70       _floor                     0041bc70 f   LIBCMT:_floor_pentium4_.obj
 0001:0001acb0       __floor_pentium4           0041bcb0 f   LIBCMT:_floor_pentium4_.obj
 0001:0001ad91       _fgets                     0041bd91 f   LIBCMT:fgets.obj
 0001:0001aec9       _fputs                     0041bec9 f   LIBCMT:fputs.obj
 0001:0001afd0       _sin                       0041bfd0 f   LIBCMT:_sin_.obj
 0001:0001b010       __CIsin                    0041c010 f   LIBCMT:_sin_.obj
 0001:0001b04b       __CIsin_default            0041c04b f   LIBCMT:_sin_.obj
 0001:0001b05f       __sin_default              0041c05f     LIBCMT:_sin_.obj
 0001:0001b100       _sinh                      0041c100 f   LIBCMT:_87ctrigh_.obj
 0001:0001b10a       _cosh                      0041c10a f   LIBCMT:_87ctrigh_.obj
 0001:0001b111       _tanh                      0041c111 f   LIBCMT:_87ctrigh_.obj
 0001:0001b118       __CIsinh                   0041c118 f   LIBCMT:_87ctrigh_.obj
 0001:0001b122       __CIcosh                   0041c122 f   LIBCMT:_87ctrigh_.obj
 0001:0001b129       __CItanh                   0041c129 f   LIBCMT:_87ctrigh_.obj
 0001:0001b130       _cos                       0041c130 f   LIBCMT:_cos_.obj
 0001:0001b170       __CIcos                    0041c170 f   LIBCMT:_cos_.obj
 0001:0001b1ab       __CIcos_default            0041c1ab f   LIBCMT:_cos_.obj
 0001:0001b1bf       __cos_default              0041c1bf     LIBCMT:_cos_.obj
 0001:0001b260       _tan                       0041c260 f   LIBCMT:_tan_.obj
 0001:0001b2a0       __CItan                    0041c2a0 f   LIBCMT:_tan_.obj
 0001:0001b2db       __CItan_default            0041c2db f   LIBCMT:_tan_.obj
 0001:0001b2ef       __tan_default              0041c2ef     LIBCMT:_tan_.obj
 0001:0001b390       _asin                      0041c390 f   LIBCMT:_asin_.obj
 0001:0001b3d0       __CIasin                   0041c3d0 f   LIBCMT:_asin_.obj
 0001:0001b40b       __CIasin_default           0041c40b f   LIBCMT:_asin_.obj
 0001:0001b41f       __asin_default             0041c41f     LIBCMT:_asin_.obj
 0001:0001b4e0       _acos                      0041c4e0 f   LIBCMT:_acos_.obj
 0001:0001b520       __CIacos                   0041c520 f   LIBCMT:_acos_.obj
 0001:0001b55b       __CIacos_default           0041c55b f   LIBCMT:_acos_.obj
 0001:0001b56f       __acos_default             0041c56f     LIBCMT:_acos_.obj
 0001:0001b630       _atan                      0041c630 f   LIBCMT:_atan_.obj
 0001:0001b670       __CIatan                   0041c670 f   LIBCMT:_atan_.obj
 0001:0001b6ab       __CIatan_default           0041c6ab f   LIBCMT:_atan_.obj
 0001:0001b6bf       __atan_default             0041c6bf     LIBCMT:_atan_.obj
 0001:0001b750       _atan2                     0041c750 f   LIBCMT:_87ctriga_.obj
 0001:0001b75a       __CIatan2                  0041c75a f   LIBCMT:_87ctriga_.obj
 0001:0001b770       _ceil                      0041c770 f   LIBCMT:_ceil_pentium4_.obj
 0001:0001b7b0       __ceil_pentium4            0041c7b0 f   LIBCMT:_ceil_pentium4_.obj
 0001:0001b890       _fmod                      0041c890 f   LIBCMT:_87fmod_.obj
 0001:0001b89a       __CIfmod                   0041c89a f   LIBCMT:_87fmod_.obj
 0001:0001b8c0       _modf                      0041c8c0 f   LIBCMT:_modf_pentium4_.obj
 0001:0001b900       __modf_pentium4            0041c900 f   LIBCMT:_modf_pentium4_.obj
 0001:0001ba10       __CIsqrt                   0041ca10 f   LIBCMT:_sqrt_.obj
 0001:0001ba24       _sqrt                      0041ca24     LIBCMT:_sqrt_.obj
 0001:0001bad0       _log                       0041cad0 f   LIBCMT:_log_.obj
 0001:0001bb10       __CIlog                    0041cb10 f   LIBCMT:_log_.obj
 0001:0001bb4b       __CIlog_default            0041cb4b f   LIBCMT:_log_.obj
 0001:0001bb5f       __log_default              0041cb5f     LIBCMT:_log_.obj
 0001:0001bc20       _log10                     0041cc20 f   LIBCMT:_log10_.obj
 0001:0001bc60       __CIlog10                  0041cc60 f   LIBCMT:_log10_.obj
 0001:0001bc9b       __CIlog10_default          0041cc9b f   LIBCMT:_log10_.obj
 0001:0001bcaf       __log10_default            0041ccaf     LIBCMT:_log10_.obj
 0001:0001bd70       _exp                       0041cd70 f   LIBCMT:_87ctran_.obj
 0001:0001bdac       __CIexp                    0041cdac f   LIBCMT:_87ctran_.obj
 0001:0001bde7       __exp_default              0041cde7 f   LIBCMT:_87ctran_.obj
 0001:0001bdf1       __CIexp_default            0041cdf1 f   LIBCMT:_87ctran_.obj
 0001:0001bdfb       _frexp                     0041cdfb f   LIBCMT:_frexp_.obj
 0001:0001bec9       _ldexp                     0041cec9 f   LIBCMT:_ldexp_.obj
 0001:0001c07b       _srand                     0041d07b f   LIBCMT:rand.obj
 0001:0001c08d       _rand                      0041d08d f   LIBCMT:rand.obj
 0001:0001c0b0       __tolower_l                0041d0b0 f   LIBCMT:tolower.obj
 0001:0001c1c5       _tolower                   0041d1c5 f   LIBCMT:tolower.obj
 0001:0001c1f1       __toupper_l                0041d1f1 f   LIBCMT:toupper.obj
 0001:0001c307       _toupper                   0041d307 f   LIBCMT:toupper.obj
 0001:0001c340       _memchr                    0041d340 f   LIBCMT:memchr.obj
 0001:0001c3f0       _strpbrk                   0041d3f0 f   LIBCMT:strpbrk.obj
 0001:0001c430       __ftol2_sse                0041d430 f   LIBCMT:ftol2.obj
 0001:0001c439       __ftol2_pentium4           0041d439 f   LIBCMT:ftol2.obj
 0001:0001c44c       __ftol2_sse_excpt          0041d44c f   LIBCMT:ftol2.obj
 0001:0001c466       __ftol2                    0041d466 f   LIBCMT:ftol2.obj
 0001:0001c4db       __difftime64               0041d4db f   LIBCMT:difftm64.obj
 0001:0001c51e       __gmtime64_s               0041d51e f   LIBCMT:gmtime64.obj
 0001:0001c757       __gmtime64                 0041d757 f   LIBCMT:gmtime64.obj
 0001:0001c77e       __localtime64_s            0041d77e f   LIBCMT:loctim64.obj
 0001:0001ca06       __localtime64              0041da06 f   LIBCMT:loctim64.obj
 0001:0001ccdc       __mktime64                 0041dcdc f   LIBCMT:mktime64.obj
 0001:0001ccee       __time64                   0041dcee f   LIBCMT:time64.obj
 0001:0001cd3f       _system                    0041dd3f f   LIBCMT:system.obj
 0001:0001ce1c       _remove                    0041de1c f   LIBCMT:unlink.obj
 0001:0001ce4c       _rename                    0041de4c f   LIBCMT:rename.obj
 0001:0001cfc1       __tmpnam_helper            0041dfc1 f   LIBCMT:tmpfile.obj
 0001:0001d0fd       _tmpnam                    0041e0fd f   LIBCMT:tmpfile.obj
 0001:0001d124       __tmpfile_helper           0041e124 f   LIBCMT:tmpfile.obj
 0001:0001d317       _tmpfile                   0041e317 f   LIBCMT:tmpfile.obj
 0001:0001d333       __getenv_helper_nolock     0041e333 f   LIBCMT:getenv.obj
 0001:0001d3ba       _getenv                    0041e3ba f   LIBCMT:getenv.obj
 0001:0001d434       __dupenv_s                 0041e434 f   LIBCMT:getenv.obj
 0001:0001d50b       _clock                     0041e50b f   LIBCMT:clock.obj
 0001:0001d545       ___inittime                0041e545 f   LIBCMT:clock.obj
 0001:0001d573       __freea                    0041e573 f i LIBCMT:strftime.obj
 0001:0001de40       __Strftime_l               0041ee40 f   LIBCMT:strftime.obj
 0001:0001dfcc       _strftime                  0041efcc f   LIBCMT:strftime.obj
 0001:0001e011       ___init_dummy              0041f011 f   LIBCMT:setlocal.obj
 0001:0001e011       ___init_collate            0041f011 f   LIBCMT:initcoll.obj
 0001:0001e011       __matherr                  0041f011 f   LIBCMT:_matherr_.obj
 0001:0001e014       __strcats                  0041f014 f   LIBCMT:setlocal.obj
 0001:0001e055       ___lc_strtolc              0041f055 f   LIBCMT:setlocal.obj
 0001:0001e174       ___lc_lctostr              0041f174 f   LIBCMT:setlocal.obj
 0001:0001e344       __expandlocale             0041f344 f   LIBCMT:setlocal.obj
 0001:0001eabb       _setlocale                 0041fabb f   LIBCMT:setlocal.obj
 0001:0001ec8d       __popen                    0041fc8d f   LIBCMT:popen.obj
 0001:0001f155       __pclose                   00420155 f   LIBCMT:popen.obj
 0001:0001f220       _vfscanf                   00420220 f   LIBCMT:fscanf.obj
 0001:0001f31a       _fscanf                    0042031a f   LIBCMT:fscanf.obj
 0001:0001f33a       _clearerr_s                0042033a f   LIBCMT:clearerr.obj
 0001:0001f3de       _clearerr                  004203de f   LIBCMT:clearerr.obj
 0001:0001f3e9       __fwrite_nolock            004203e9 f   LIBCMT:fwrite.obj
 0001:0001f540       _fwrite                    00420540 f   LIBCMT:fwrite.obj
 0001:0001f5ba       __ftell_nolock             004205ba f   LIBCMT:ftell.obj
 0001:0001f74e       _ftell                     0042074e f   LIBCMT:ftell.obj
 0001:0001f7b3       __fseek_nolock             004207b3 f   LIBCMT:fseek.obj
 0001:0001f83d       _fseek                     0042083d f   LIBCMT:fseek.obj
 0001:0001f8b9       _setvbuf                   004208b9 f   LIBCMT:setvbuf.obj
 0001:0001f9af       __flush                    004209af f   LIBCMT:fflush.obj
 0001:0001fa17       __fflush_nolock            00420a17 f   LIBCMT:fflush.obj
 0001:0001fb39       _fflush                    00420b39 f   LIBCMT:fflush.obj
 0001:0001fb8c       __flushall                 00420b8c f   LIBCMT:fflush.obj
 0001:0001fb95       _localeconv                00420b95 f   LIBCMT:lconv.obj
 0001:0001fbbb       __flsbuf                   00420bbb f   LIBCMT:_flsbuf.obj
 0001:0001fdc6       __output_l                 00420dc6 f   LIBCMT:output.obj
 0001:00020972       __initp_misc_invarg        00421972 f   LIBCMT:invarg.obj
 0001:00020981       __call_reportfault         00421981 f   LIBCMT:invarg.obj
 0001:00020aaa       __invoke_watson            00421aaa f   LIBCMT:invarg.obj
 0001:00020acf       __invalid_parameter        00421acf f   LIBCMT:invarg.obj
 0001:00020afc       __invalid_parameter_noinfo 00421afc f   LIBCMT:invarg.obj
 0001:00020b0c       __ioinit                   00421b0c f   LIBCMT:ioinit.obj
 0001:00020d51       __malloc_crt               00421d51 f   LIBCMT:crtheap.obj
 0001:00020d96       __calloc_crt               00421d96 f   LIBCMT:crtheap.obj
 0001:00020de2       __realloc_crt              00421de2 f   LIBCMT:crtheap.obj
 0001:00020e30       __recalloc_crt             00421e30 f   LIBCMT:crtheap.obj
 0001:00020e82       __fcloseall                00421e82 f   LIBCMT:closeall.obj
 0001:00020f1e       __mtinitlocks              00421f1e f   LIBCMT:mlock.obj
 0001:00020f68       __mtdeletelocks            00421f68 f   LIBCMT:mlock.obj
 0001:00020fbf       __unlock                   00421fbf f   LIBCMT:mlock.obj
 0001:00020fd6       __mtinitlocknum            00421fd6 f   LIBCMT:mlock.obj
 0001:00021098       __lock                     00422098 f   LIBCMT:mlock.obj
 0001:000210cb       __stbuf                    004220cb f   LIBCMT:_sftbuf.obj
 0001:00021167       __ftbuf                    00422167 f   LIBCMT:_sftbuf.obj
 0001:0002119b       __fileno                   0042219b f   LIBCMT:fileno.obj
 0001:000211d0       __SEH_prolog4              004221d0 f   LIBCMT:sehprolg4.obj
 0001:00021215       __SEH_epilog4              00422215 f   LIBCMT:sehprolg4.obj
 0001:00021230       __except_handler4          00422230 f   LIBCMT:chandler4.obj
 0001:000213bf       ?terminate@@YAXXZ          004223bf f   LIBCMT:hooks.obj
 0001:000213f8       __initp_eh_hooks           004223f8 f   LIBCMT:hooks.obj
 0001:00021409       __initp_misc_winsig        00422409 f   LIBCMT:winsig.obj
 0001:0002145e       ___get_sigabrt             0042245e f   LIBCMT:winsig.obj
 0001:0002146b       _raise                     0042246b f   LIBCMT:winsig.obj
 0001:0002160e       __initp_misc_rand_s        0042260e f   LIBCMT:rand_s.obj
 0001:0002161d       ___getlocaleinfo           0042261d f   LIBCMT:inithelp.obj
 0001:000217c9       __initp_misc_purevirt      004227c9 f   LIBCMT:inithelp.obj
 0001:000217d8       __initp_heap_handler       004227d8 f   LIBCMT:handler.obj
 0001:000217e7       __callnewh                 004227e7 f   LIBCMT:handler.obj
 0001:0002180f       __encoded_null             0042280f f   LIBCMT:tidtable.obj
 0001:00021818       ___crtTlsAlloc@4           00422818 f   LIBCMT:tidtable.obj
 0001:00021821       ___set_flsgetvalue         00422821 f   LIBCMT:tidtable.obj
 0001:00021855       __mtterm                   00422855 f   LIBCMT:tidtable.obj
 0001:00021892       __initptd                  00422892 f   LIBCMT:tidtable.obj
 0001:00021946       __getptd_noexit            00422946 f   LIBCMT:tidtable.obj
 0001:000219bf       __getptd                   004229bf f   LIBCMT:tidtable.obj
 0001:000219d9       __freefls@4                004229d9 f   LIBCMT:tidtable.obj
 0001:00021b08       __mtinit                   00422b08 f   LIBCMT:tidtable.obj
 0001:00021d39       ___onexitinit              00422d39 f   LIBCMT:onexit.obj
 0001:00021d6a       __onexit                   00422d6a f   LIBCMT:onexit.obj
 0001:00021da6       _atexit                    00422da6 f   LIBCMT:onexit.obj
 0001:00021dbd       __RTC_Initialize           00422dbd f   LIBCMT:_initsect_.obj
 0001:00021de3       __RTC_Terminate            00422de3 f   LIBCMT:_initsect_.obj
 0001:00021e09       __initp_misc_cfltcvt_tab   00422e09 f   LIBCMT:cmiscdat.obj
 0001:00021e30       __ValidateImageBase        00422e30 f   LIBCMT:pesect.obj
 0001:00021e70       __FindPESection            00422e70 f   LIBCMT:pesect.obj
 0001:00021ec0       __IsNonwritableInCurrentImage 00422ec0 f   LIBCMT:pesect.obj
 0001:00021f7c       __GET_RTERRMSG             00422f7c f   LIBCMT:crt0msg.obj
 0001:00021fa2       __NMSG_WRITE               00422fa2 f   LIBCMT:crt0msg.obj
 0001:00022151       __FF_MSGBANNER             00423151 f   LIBCMT:crt0msg.obj
 0001:0002218a       __heap_init                0042318a f   LIBCMT:heapinit.obj
 0001:000221a8       ?__CxxUnhandledExceptionFilter@@YGJPAU_EXCEPTION_POINTERS@@@Z 004231a8 f   LIBCMT:unhandld.obj
 0001:000221ea       ___CxxSetUnhandledExceptionFilter 004231ea f   LIBCMT:unhandld.obj
 0001:000221f8       __XcptFilter               004231f8 f   LIBCMT:winxfltr.obj
 0001:00022342       __setenvp                  00423342 f   LIBCMT:stdenvp.obj
 0001:000225b8       __setargv                  004235b8 f   LIBCMT:stdargv.obj
 0001:00022673       ___crtGetEnvironmentStringsA 00423673 f   LIBCMT:a_env.obj
 0001:0002270a       ___security_init_cookie    0042370a f   LIBCMT:gs_support.obj
 0001:000227a5       __VEC_memcpy               004237a5 f   LIBCMT:p4_memcpy.obj
 0001:000228a8       ___sse2_available_init     004238a8 f   LIBCMT:cpu_disp.obj
 0001:000228b8       __filbuf                   004238b8 f   LIBCMT:_filbuf.obj
 0001:000229da       __read_nolock              004239da f   LIBCMT:read.obj
 0001:00022f91       __read                     00423f91 f   LIBCMT:read.obj
 0001:00023087       _memcpy_s                  00424087 f   LIBCMT:memcpy_s.obj
 0001:00023100       _memset                    00424100 f   LIBCMT:memset.obj
 0001:0002317a       ___sys_nerr                0042417a f   LIBCMT:syserr.obj
 0001:00023180       ___sys_errlist             00424180 f   LIBCMT:syserr.obj
 0001:00023186       _strcpy_s                  00424186 f   LIBCMT:strcpy_s.obj
 0001:000231e5       _strncpy_s                 004241e5 f   LIBCMT:strncpy_s.obj
 0001:0002329a       __close_nolock             0042429a f   LIBCMT:close.obj
 0001:00023336       __close                    00424336 f   LIBCMT:close.obj
 0001:000233fa       __freebuf                  004243fa f   LIBCMT:_freebuf.obj
 0001:0002342b       __getbuf                   0042442b f   LIBCMT:_getbuf.obj
 0001:00023474       __openfile                 00424474 f   LIBCMT:_open.obj
 0001:0002370b       __getstream                0042470b f   LIBCMT:stream.obj
 0001:00023840       __local_unwind4            00424840 f   LIBCMT:exsup4.obj
 0001:00023916       __seh_longjmp_unwind4@4    00424916 f   LIBCMT:exsup4.obj
 0001:00023932       @_EH4_CallFilterFunc@8     00424932 f   LIBCMT:exsup4.obj
 0001:00023949       @_EH4_TransferToHandler@8  00424949 f   LIBCMT:exsup4.obj
 0001:00023962       @_EH4_GlobalUnwind2@8      00424962 f   LIBCMT:exsup4.obj
 0001:0002397b       @_EH4_LocalUnwind@16       0042497b f   LIBCMT:exsup4.obj
 0001:00023992       __forcdecpt_l              00424992 f   LIBCMT:cvt.obj
 0001:00023a06       __cropzeros_l              00424a06 f   LIBCMT:cvt.obj
 0001:00023a88       __positive                 00424a88 f   LIBCMT:cvt.obj
 0001:00023aa4       __fassign_l                00424aa4 f   LIBCMT:cvt.obj
 0001:00023ae6       __fassign                  00424ae6 f   LIBCMT:cvt.obj
 0001:00023b1f       __forcdecpt                00424b1f f   LIBCMT:cvt.obj
 0001:00023b32       __cropzeros                00424b32 f   LIBCMT:cvt.obj
 0001:00023ca6       __cftoe_l                  00424ca6 f   LIBCMT:cvt.obj
 0001:00023d6d       __cftoe                    00424d6d f   LIBCMT:cvt.obj
 0001:00023d8d       __cftoa_l                  00424d8d f   LIBCMT:cvt.obj
 0001:00024206       __cftof_l                  00425206 f   LIBCMT:cvt.obj
 0001:000242c7       __cftog_l                  004252c7 f   LIBCMT:cvt.obj
 0001:000243b4       __cfltcvt_l                004253b4 f   LIBCMT:cvt.obj
 0001:0002443c       __cfltcvt                  0042543c f   LIBCMT:cvt.obj
 0001:0002445f       __setdefaultprecision      0042545f f   LIBCMT:fp8.obj
 0001:000246aa       ___updatetmbcinfo          004256aa f   LIBCMT:mbctype.obj
 0001:000247ca       __setmbcp_nolock           004257ca f   LIBCMT:mbctype.obj
 0001:000249b3       __setmbcp                  004259b3 f   LIBCMT:mbctype.obj
 0001:00024b4d       ___initmbctable            00425b4d f   LIBCMT:mbctype.obj
 0001:00024b6b       ___addlocaleref            00425b6b f   LIBCMT:localref.obj
 0001:00024bfa       ___removelocaleref         00425bfa f   LIBCMT:localref.obj
 0001:00024c93       ___freetlocinfo            00425c93 f   LIBCMT:localref.obj
 0001:00024dde       __updatetlocinfoEx_nolock  00425dde f   LIBCMT:localref.obj
 0001:00024e2b       ___updatetlocinfo          00425e2b f   LIBCMT:localref.obj
 0001:00024ea4       __isctype_l                00425ea4 f   LIBCMT:isctype.obj
 0001:00024f5c       __fltin2                   00425f5c f   LIBCMT:_cfin_.obj
 0001:00025003       @__security_check_cookie@4 00426003 f   LIBCMT:secchk.obj
 0001:00025020       __global_unwind2           00426020 f   LIBCMT:exsup.obj
 0001:00025085       __local_unwind2            00426085 f   LIBCMT:exsup.obj
 0001:00025109       __abnormal_termination     00426109 f   LIBCMT:exsup.obj
 0001:0002512c       __NLG_Notify1              0042612c f   LIBCMT:exsup.obj
 0001:00025135       __NLG_Notify               00426135 f   LIBCMT:exsup.obj
 0001:0002514c       __NLG_Dispatch2            0042614c     LIBCMT:exsup.obj
 0001:0002514c       __NLG_Dispatch             0042614c     LIBCMT:exsup.obj
 0001:00025154       __NLG_Call                 00426154 f   LIBCMT:exsup.obj
 0001:00025156       __NLG_Return2              00426156     LIBCMT:exsup.obj
 0001:00025157       __rt_probe_read4@4         00426157 f   LIBCMT:sehsupp.obj
 0001:00025410       ___crtCompareStringA       00426410 f   LIBCMT:a_cmp.obj
 0001:00025460       _strcmp                    00426460 f   LIBCMT:strcmp.obj
 0001:000254e8       __sse2_mathfcns_init       004264e8 f   LIBCMT:_mathfcns_.obj
 0001:00025500       __CIpow_pentium4           00426500 f   LIBCMT:_pow_pentium4_.obj
 0001:00025519       __pow_pentium4             00426519     LIBCMT:_pow_pentium4_.obj
 0001:00026071       __fFEXP                    00427071     LIBCMT:_87tran_.obj
 0001:000260c8       __rtinfpopse               004270c8     LIBCMT:_87tran_.obj
 0001:000260ca       __rtinfnpopse              004270ca     LIBCMT:_87tran_.obj
 0001:000260da       __fFLN                     004270da     LIBCMT:_87tran_.obj
 0001:0002618f       __rtinfpop                 0042718f     LIBCMT:_87tran_.obj
 0001:00026191       __rtinfnpop                00427191     LIBCMT:_87tran_.obj
 0001:000261ae       __ffexpm1                  004271ae     LIBCMT:_87tran_.obj
 0001:00026260       __trandisp1                00427260 f   LIBCMT:_87disp_.obj
 0001:000262c7       __trandisp2                004272c7 f   LIBCMT:_87disp_.obj
 0001:00026353       __rttospopde               00427353     LIBCMT:_87disp_.obj
 0001:00026358       __rttospop                 00427358     LIBCMT:_87disp_.obj
 0001:0002635a       __rtnospop                 0042735a     LIBCMT:_87disp_.obj
 0001:0002635c       __rttosnpop                0042735c     LIBCMT:_87disp_.obj
 0001:0002635d       __rtnospopde               0042735d     LIBCMT:_87disp_.obj
 0001:00026364       __rtzeropop                00427364     LIBCMT:_87disp_.obj
 0001:00026366       __rtzeronpop               00427366     LIBCMT:_87disp_.obj
 0001:0002636b       __rtonepop                 0042736b     LIBCMT:_87disp_.obj
 0001:0002636d       __rtonenpop                0042736d     LIBCMT:_87disp_.obj
 0001:00026372       __tosnan1                  00427372     LIBCMT:_87disp_.obj
 0001:0002639d       __nosnan2                  0042739d     LIBCMT:_87disp_.obj
 0001:0002639f       __tosnan2                  0042739f     LIBCMT:_87disp_.obj
 0001:000263c7       __nan2                     004273c7     LIBCMT:_87disp_.obj
 0001:00026406       __rtindfpop                00427406     LIBCMT:_87disp_.obj
 0001:00026408       __rtindfnpop               00427408     LIBCMT:_87disp_.obj
 0001:00026419       __rttosnpopde              00427419     LIBCMT:_87disp_.obj
 0001:00026423       __rtchsifneg               00427423     LIBCMT:_87disp_.obj
 0001:00026430       __startTwoArgErrorHandling 00427430 f   LIBCMT:_genexcep_.obj
 0001:00026447       __startOneArgErrorHandling 00427447 f   LIBCMT:_genexcep_.obj
 0001:00026490       __twoToTOS                 00427490 f   LIBCMT:_common_.obj
 0001:000264a5       __load_CW                  004274a5 f   LIBCMT:_common_.obj
 0001:000264bc       __convertTOStoQNaN         004274bc f   LIBCMT:_common_.obj
 0001:000264d5       __fload_withFB             004274d5 f   LIBCMT:_common_.obj
 0001:00026518       __checkTOS_withFB          00427518 f   LIBCMT:_common_.obj
 0001:0002652e       __fast_exit                0042752e f   LIBCMT:_common_.obj
 0001:0002653b       __math_exit                0042753b f   LIBCMT:_common_.obj
 0001:00026565       __check_overflow_exit      00427565 f   LIBCMT:_common_.obj
 0001:00026579       __check_range_exit         00427579 f   LIBCMT:_common_.obj
 0001:0002661c       __d_inttype                0042761c f   LIBCMT:_powhlp_.obj
 0001:00026686       __powhlp                   00427686 f   LIBCMT:_powhlp_.obj
 0001:000267b1       ___libm_error_support      004277b1 f   LIBCMT:_libm_error_.obj
 0001:00026a7d       __floor_default            00427a7d f   LIBCMT:_floor_.obj
 0001:00026b60       _strlen                    00427b60 f   LIBCMT:strlen.obj
 0001:00026bf0       __CIsin_pentium4           00427bf0 f   LIBCMT:_sin_pentium4_.obj
 0001:00026c08       __sin_pentium4             00427c08     LIBCMT:_sin_pentium4_.obj
 0001:00026dc0       __fFSINH                   00427dc0     LIBCMT:_87trigh_.obj
 0001:00026e12       __fFCOSH                   00427e12     LIBCMT:_87trigh_.obj
 0001:00026ec0       __cintrindisp2             00427ec0 f   LIBCMT:_87cdisp_.obj
 0001:00026efe       __cintrindisp1             00427efe f   LIBCMT:_87cdisp_.obj
 0001:00026f3b       __ctrandisp2               00427f3b f   LIBCMT:_87cdisp_.obj
 0001:000270ca       __ctrandisp1               004280ca f   LIBCMT:_87cdisp_.obj
 0001:000270fd       __fload                    004280fd f   LIBCMT:_87cdisp_.obj
 0001:00027140       __CIcos_pentium4           00428140 f   LIBCMT:_cos_pentium4_.obj
 0001:00027158       __cos_pentium4             00428158     LIBCMT:_cos_pentium4_.obj
 0001:000272f0       __CItan_pentium4           004282f0 f   LIBCMT:_tan_pentium4_.obj
 0001:00027308       __tan_pentium4             00428308     LIBCMT:_tan_pentium4_.obj
 0001:00027550       __CIasin_pentium4          00428550 f   LIBCMT:_asin_pentium4_.obj
 0001:00027568       __asin_pentium4            00428568     LIBCMT:_asin_pentium4_.obj
 0001:00027ad0       __CIacos_pentium4          00428ad0 f   LIBCMT:_acos_pentium4_.obj
 0001:00027ae8       __acos_pentium4            00428ae8     LIBCMT:_acos_pentium4_.obj
 0001:00028030       __CIatan_pentium4          00429030 f   LIBCMT:_atan_pentium4_.obj
 0001:00028048       __atan_pentium4            00429048     LIBCMT:_atan_pentium4_.obj
 0001:0002833c       __fFATN2                   0042933c     LIBCMT:_87triga_.obj
 0001:0002838c       __rtpiby2                  0042938c     LIBCMT:_87triga_.obj
 0001:000283c8       __ceil_default             004293c8 f   LIBCMT:_ceil_.obj
 0001:000284a0       __modf_default             004294a0 f   LIBCMT:_modf_.obj
 0001:000285c0       __CIlog_pentium4           004295c0 f   LIBCMT:_log_pentium4_.obj
 0001:000285d8       __log_pentium4             004295d8     LIBCMT:_log_pentium4_.obj
 0001:00028830       __CIlog10_pentium4         00429830 f   LIBCMT:_log10_pentium4_.obj
 0001:00028848       __log10_pentium4           00429848     LIBCMT:_log10_pentium4_.obj
 0001:00028ac0       __CIexp_pentium4           00429ac0 f   LIBCMT:_exp_pentium4_.obj
 0001:00028ad8       __exp_pentium4             00429ad8     LIBCMT:_exp_pentium4_.obj
 0001:00028d80       __set_exp                  00429d80 f   LIBCMT:_util_.obj
 0001:00028dad       __sptype                   00429dad f   LIBCMT:_util_.obj
 0001:00028e13       __decomp                   00429e13 f   LIBCMT:_util_.obj
 0001:00028ed6       __raise_exc_ex             00429ed6 f   LIBCMT:_fpexcept_.obj
 0001:000291b2       __raise_exc                0042a1b2 f   LIBCMT:_fpexcept_.obj
 0001:000291d5       __handle_exc               0042a1d5 f   LIBCMT:_fpexcept_.obj
 0001:000293b9       __set_errno_from_matherr   0042a3b9 f   LIBCMT:_fpexcept_.obj
 0001:000293e6       __errcode                  0042a3e6 f   LIBCMT:_fpexcept_.obj
 0001:0002941a       __umatherr                 0042a41a f   LIBCMT:_fpexcept_.obj
 0001:000294ba       __handle_qnan1             0042a4ba f   LIBCMT:_fpexcept_.obj
 0001:0002950f       __handle_qnan2             0042a50f f   LIBCMT:_fpexcept_.obj
 0001:00029570       __except1                  0042a570 f   LIBCMT:_fpexcept_.obj
 0001:0002963a       __except2                  0042a63a f   LIBCMT:_fpexcept_.obj
 0001:00029714       __statfp                   0042a714 f   LIBCMT:_fpctrl_.obj
 0001:00029724       __clrfp                    0042a724 f   LIBCMT:_fpctrl_.obj
 0001:00029735       __ctrlfp                   0042a735 f   LIBCMT:_fpctrl_.obj
 0001:00029760       __set_statfp               0042a760 f   LIBCMT:_fpctrl_.obj
 0001:000297b8       ___set_fpsr_sse2           0042a7b8 f   LIBCMT:_fpctrl_.obj
 0001:0002982a       __copysign                 0042a82a f   LIBCMT:_ieeemisc_.obj
 0001:00029852       __fpclass                  0042a852 f   LIBCMT:_ieeemisc_.obj
 0001:00029ad6       ___crtLCMapStringA         0042aad6 f   LIBCMT:a_map.obj
 0001:00029b1c       __isleadbyte_l             0042ab1c f i LIBCMT:_wctype.obj
 0001:00029b54       _isleadbyte                0042ab54 f i LIBCMT:_wctype.obj
 0001:00029b70       __allmul                   0042ab70 f   LIBCMT:llmul.obj
 0001:00029bb0       __alldiv                   0042abb0 f   LIBCMT:lldiv.obj
 0001:00029c5a       ___getgmtimebuf            0042ac5a f   LIBCMT:gmtime.obj
 0001:0002a372       ___tzset                   0042b372 f   LIBCMT:tzset.obj
 0001:0002a3c1       __isindst                  0042b3c1 f   LIBCMT:tzset.obj
 0001:0002a402       __get_daylight             0042b402 f   LIBCMT:timeset.obj
 0001:0002a42f       __get_dstbias              0042b42f f   LIBCMT:timeset.obj
 0001:0002a45c       __get_timezone             0042b45c f   LIBCMT:timeset.obj
 0001:0002a489       ___daylight                0042b489 f   LIBCMT:timeset.obj
 0001:0002a48f       ___dstbias                 0042b48f f   LIBCMT:timeset.obj
 0001:0002a495       ___timezone                0042b495 f   LIBCMT:timeset.obj
 0001:0002a49b       ___tzname                  0042b49b f   LIBCMT:timeset.obj
 0001:0002a4b0       __allrem                   0042b4b0 f   LIBCMT:llrem.obj
 0001:0002a570       __aulldiv                  0042b570 f   LIBCMT:ulldiv.obj
 0001:0002a5d8       __spawnvpe                 0042b5d8 f   LIBCMT:spawnvpe.obj
 0001:0002a8b6       __spawnve                  0042b8b6 f   LIBCMT:spawnve.obj
 0001:0002aa9f       __access_s                 0042ba9f f   LIBCMT:access.obj
 0001:0002ab1e       _strcat_s                  0042bb1e f   LIBCMT:strcat_s.obj
 0001:0002ac45       __itoa_s                   0042bc45 f   LIBCMT:xtoas.obj
 0001:0002ac6f       __ultoa_s                  0042bc6f f   LIBCMT:xtoas.obj
 0001:0002ac89       __getpid                   0042bc89 f   LIBCMT:getpid.obj
 0001:0002ac8f       __mbsrchr_l                0042bc8f f   LIBCMT:mbsrchr.obj
 0001:0002ad39       __mbsrchr                  0042bd39 f   LIBCMT:mbsrchr.obj
 0001:0002ad50       __rmtmp                    0042bd50 f   LIBCMT:rmtmp.obj
 0001:0002adf9       __strdup                   0042bdf9 f   LIBCMT:strdup.obj
 0001:0002b57f       __sopen_helper             0042c57f f   LIBCMT:open.obj
 0001:0002b643       __sopen_s                  0042c643 f   LIBCMT:open.obj
 0001:0002b663       __mbsnbicoll_l             0042c663 f   LIBCMT:mbsnbico.obj
 0001:0002b741       __mbsnbicoll               0042c741 f   LIBCMT:mbsnbico.obj
 0001:0002b75b       ___wtomb_environ           0042c75b f   LIBCMT:wtombenv.obj
 0001:0002b7f2       _calloc                    0042c7f2 f   LIBCMT:calloc.obj
 0001:0002b832       _strnlen                   0042c832 f   LIBCMT:strlen_s.obj
 0001:0002b84f       ___ascii_stricmp           0042c84f f   LIBCMT:stricmp.obj
 0001:0002b888       __stricmp_l                0042c888 f   LIBCMT:stricmp.obj
 0001:0002b948       __stricmp                  0042c948 f   LIBCMT:stricmp.obj
 0001:0002b990       __alloca_probe_16          0042c990 f   LIBCMT:alloca16.obj
 0001:0002b9a6       __alloca_probe_8           0042c9a6     LIBCMT:alloca16.obj
 0001:0002c1bb       ___free_lc_time            0042d1bb f   LIBCMT:inittime.obj
 0001:0002c532       ___init_time               0042d532 f   LIBCMT:inittime.obj
 0001:0002c5af       ___free_lconv_num          0042d5af f   LIBCMT:initnum.obj
 0001:0002c618       ___init_numeric            0042d618 f   LIBCMT:initnum.obj
 0001:0002c808       ___free_lconv_mon          0042d808 f   LIBCMT:initmon.obj
 0001:0002c906       ___init_monetary           0042d906 f   LIBCMT:initmon.obj
 0001:0002cc66       ___init_ctype              0042dc66 f   LIBCMT:initctyp.obj
 0001:0002d00d       ____lc_codepage_func       0042e00d f   LIBCMT:initctyp.obj
 0001:0002d5c0       ___get_qualified_locale    0042e5c0 f   LIBCMT:getqloc.obj
 0001:0002d7b1       _memcmp                    0042e7b1 f   LIBCMT:memcmp.obj
 0001:0002edec       ___crtGetStringTypeA       0042fdec f   LIBCMT:a_str.obj
 0001:0002ee2c       _strncmp                   0042fe2c f   LIBCMT:strncmp.obj
 0001:0002eeec       __getpath                  0042feec f   LIBCMT:getpath.obj
 0001:0002ef81       __fdopen                   0042ff81 f   LIBCMT:fdopen.obj
 0001:0002f0f7       __pipe                     004300f7 f   LIBCMT:pipe.obj
 0001:0002f39d       __cwait                    0043039d f   LIBCMT:wait.obj
 0001:0002f4e5       __input_l                  004304e5 f   LIBCMT:input.obj
 0001:000304e9       __write_nolock             004314e9 f   LIBCMT:write.obj
 0001:00030be6       __write                    00431be6 f   LIBCMT:write.obj
 0001:00030cba       __lseek_nolock             00431cba f   LIBCMT:lseek.obj
 0001:00030d2f       __lseek                    00431d2f f   LIBCMT:lseek.obj
 0001:00030e03       __commit                   00431e03 f   LIBCMT:commit.obj
 0001:00030edc       __lseeki64_nolock          00431edc f   LIBCMT:lseeki64.obj
 0001:00030f61       __lseeki64                 00431f61 f   LIBCMT:lseeki64.obj
 0001:0003104b       __isatty                   0043204b f   LIBCMT:isatty.obj
 0001:000310a1       __get_printf_count_output  004320a1 f   LIBCMT:printf.obj
 0001:000310b7       __wctomb_s_l               004320b7 f   LIBCMT:wctomb.obj
 0001:0003120c       _wctomb_s                  0043220c f   LIBCMT:wctomb.obj
 0001:00031230       __aulldvrm                 00432230 f   LIBCMT:ulldvrm.obj
 0001:000312c5       __crt_debugger_hook        004322c5 f   LIBCMT:dbghook.obj
 0001:000312cd       __calloc_impl              004322cd f   LIBCMT:calloc_impl.obj
 0001:0003134f       __recalloc                 0043234f f   LIBCMT:recalloc.obj
 0001:000313bd       _abort                     004323bd f   LIBCMT:abort.obj
 0001:000314ca       ___crtGetLocaleInfoA       004324ca f   LIBCMT:a_loc.obj
 0001:00031504       __msize                    00432504 f   LIBCMT:msize.obj
 0001:00031537       __fptrap                   00432537 f   LIBCMT:crt0fp.obj
 0001:00031540       ___crtMessageBoxW          00432540 f   LIBCMT:crtmboxw.obj
 0001:000316ac       _wcscat_s                  004326ac f   LIBCMT:wcscat_s.obj
 0001:00031721       _wcsncpy_s                 00432721 f   LIBCMT:wcsncpy_s.obj
 0001:000317ee       _wcslen                    004327ee f   LIBCMT:wcslen.obj
 0001:00031809       _wcscpy_s                  00432809 f   LIBCMT:wcscpy_s.obj
 0001:0003186c       __set_error_mode           0043286c f   LIBCMT:errmode.obj
 0001:000318fe       __ismbblead                004328fe f   LIBCMT:ismbbyte.obj
 0001:00031916       __set_osfhnd               00432916 f   LIBCMT:osfinfo.obj
 0001:00031997       __free_osfhnd              00432997 f   LIBCMT:osfinfo.obj
 0001:00031a1d       __get_osfhandle            00432a1d f   LIBCMT:osfinfo.obj
 0001:00031a86       ___lock_fhandle            00432a86 f   LIBCMT:osfinfo.obj
 0001:00031b25       __unlock_fhandle           00432b25 f   LIBCMT:osfinfo.obj
 0001:00031b4c       __alloc_osfhnd             00432b4c f   LIBCMT:osfinfo.obj
 0001:00031ce5       __VEC_memzero              00432ce5 f   LIBCMT:p4_memset.obj
 0001:00031d9f       __mbsnbicmp_l              00432d9f f   LIBCMT:mbsnbicm.obj
 0001:00031fa3       __mbsnbicmp                00432fa3 f   LIBCMT:mbsnbicm.obj
 0001:00031fbd       __mbsnbcmp_l               00432fbd f   LIBCMT:mbsnbcmp.obj
 0001:00032109       __mbsnbcmp                 00433109 f   LIBCMT:mbsnbcmp.obj
 0001:00032123       __atodbl_l                 00433123 f   LIBCMT:atodbl.obj
 0001:000321cb       __atoflt_l                 004331cb f   LIBCMT:atodbl.obj
 0001:00032280       _memmove                   00433280 f   LIBCMT:memmove.obj
 0001:000325e1       __fptostr                  004335e1 f   LIBCMT:_fptostr.obj
 0001:00032694       ___dtold                   00433694 f   LIBCMT:_cfout_.obj
 0001:00032747       __fltout2                  00433747 f   LIBCMT:_cfout_.obj
 0001:000327e0       __alldvrm                  004337e0 f   LIBCMT:lldvrm.obj
 0001:000328c0       __aullshr                  004338c0 f   LIBCMT:ullshr.obj
 0001:000328df       __controlfp_s              004338df f   LIBCMT:_contrlfp_.obj
 0001:0003293e       __ld12tod                  0043393e f   LIBCMT:_intrncvt_.obj
 0001:00032e8f       __ld12tof                  00433e8f f   LIBCMT:_intrncvt_.obj
 0001:000333e0       ___strgtold12_l            004343e0 f   LIBCMT:_strgtold_.obj
 0001:00033abc       ___report_gsfailure        00434abc f   LIBCMT:gs_report.obj
 0001:00033bc2       __87except                 00434bc2 f   LIBCMT:_87except_.obj
 0001:00033d01       __frnd                     00434d01 f   LIBCMT:_frnd_.obj
 0001:00033d15       _atol                      00434d15 f   LIBCMT:atox.obj
 0001:00033d2b       __mbschr_l                 00434d2b f   LIBCMT:mbschr.obj
 0001:00033ddb       __mbschr                   00434ddb f   LIBCMT:mbschr.obj
 0001:00033df2       __dospawn                  00434df2 f   LIBCMT:dospawn.obj
 0001:00033ff7       __cenvarg                  00434ff7 f   LIBCMT:cenvarg.obj
 0001:00034393       __chsize_nolock            00435393 f   LIBCMT:chsize.obj
 0001:00034549       __setmode_nolock           00435549 f   LIBCMT:setmode.obj
 0001:00034604       __get_fmode                00435604 f   LIBCMT:setmode.obj
 0001:00034631       __strnicoll_l              00435631 f   LIBCMT:strnicol.obj
 0001:000347cd       ___crtsetenv               004357cd f   LIBCMT:setenv.obj
 0001:00034a10       __alloca_probe             00435a10     LIBCMT:chkstk.obj
 0001:00034a10       __chkstk                   00435a10 f   LIBCMT:chkstk.obj
 0001:00034a3b       __strnicmp_l               00435a3b f   LIBCMT:strnicmp.obj
 0001:00034b1d       __strnicmp                 00435b1d f   LIBCMT:strnicmp.obj
 0001:00034b70       __mbtowc_l                 00435b70 f   LIBCMT:mbtowc.obj
 0001:00034c86       _mbtowc                    00435c86 f   LIBCMT:mbtowc.obj
 0001:00034ca0       __putwch_nolock            00435ca0 f   LIBCMT:putwch.obj
 0001:00034ce2       _$I10_OUTPUT               00435ce2 f   LIBCMT:_x10fout_.obj
 0001:00035708       __control87                00436708 f i LIBCMT:_ieee87_.obj
 0001:00035a1a       ___mtold12                 00436a1a f   LIBCMT:_mantold_.obj
 0001:00035bfe       __mbsnicmp_l               00436bfe f   LIBCMT:mbsnicmp.obj
 0001:00035dc9       __mbsnicmp                 00436dc9 f   LIBCMT:mbsnicmp.obj
 0001:00035df0       ___ascii_strnicmp          00436df0 f   LIBCMT:_strnicm.obj
 0001:00035e51       ___initconout              00436e51 f   LIBCMT:initcon.obj
 0001:00035e70       ___termconout              00436e70 f   LIBCMT:initcon.obj
 0001:00035e88       _RtlUnwind@16              00436e88 f   kernel32:KERNEL32.dll
 0002:00000000       __imp__GetModuleFileNameA@12 00437000     kernel32:KERNEL32.dll
 0002:00000004       __imp__FormatMessageA@28   00437004     kernel32:KERNEL32.dll
 0002:00000008       __imp__GetLastError@0      00437008     kernel32:KERNEL32.dll
 0002:0000000c       __imp__FreeLibrary@4       0043700c     kernel32:KERNEL32.dll
 0002:00000010       __imp__LoadLibraryA@4      00437010     kernel32:KERNEL32.dll
 0002:00000014       __imp__GetProcAddress@8    00437014     kernel32:KERNEL32.dll
 0002:00000018       __imp__EnterCriticalSection@4 00437018     kernel32:KERNEL32.dll
 0002:0000001c       __imp__LeaveCriticalSection@4 0043701c     kernel32:KERNEL32.dll
 0002:00000020       __imp__GetModuleHandleW@4  00437020     kernel32:KERNEL32.dll
 0002:00000024       __imp__ExitProcess@4       00437024     kernel32:KERNEL32.dll
 0002:00000028       __imp__DecodePointer@4     00437028     kernel32:KERNEL32.dll
 0002:0000002c       __imp__HeapFree@12         0043702c     kernel32:KERNEL32.dll
 0002:00000030       __imp__HeapAlloc@12        00437030     kernel32:KERNEL32.dll
 0002:00000034       __imp__GetCommandLineA@0   00437034     kernel32:KERNEL32.dll
 0002:00000038       __imp__HeapSetInformation@16 00437038     kernel32:KERNEL32.dll
 0002:0000003c       __imp__HeapReAlloc@16      0043703c     kernel32:KERNEL32.dll
 0002:00000040       __imp__RtlUnwind@16        00437040     kernel32:KERNEL32.dll
 0002:00000044       __imp__GetSystemTimeAsFileTime@4 00437044     kernel32:KERNEL32.dll
 0002:00000048       __imp__DeleteFileA@4       00437048     kernel32:KERNEL32.dll
 0002:0000004c       __imp__MoveFileA@8         0043704c     kernel32:KERNEL32.dll
 0002:00000050       __imp__GetTimeFormatA@24   00437050     kernel32:KERNEL32.dll
 0002:00000054       __imp__GetDateFormatA@24   00437054     kernel32:KERNEL32.dll
 0002:00000058       __imp__InterlockedDecrement@4 00437058     kernel32:KERNEL32.dll
 0002:0000005c       __imp__InterlockedIncrement@4 0043705c     kernel32:KERNEL32.dll
 0002:00000060       __imp__CloseHandle@4       00437060     kernel32:KERNEL32.dll
 0002:00000064       __imp__CreateProcessA@40   00437064     kernel32:KERNEL32.dll
 0002:00000068       __imp__DuplicateHandle@28  00437068     kernel32:KERNEL32.dll
 0002:0000006c       __imp__GetCurrentProcess@0 0043706c     kernel32:KERNEL32.dll
 0002:00000070       __imp__UnhandledExceptionFilter@4 00437070     kernel32:KERNEL32.dll
 0002:00000074       __imp__SetUnhandledExceptionFilter@4 00437074     kernel32:KERNEL32.dll
 0002:00000078       __imp__IsDebuggerPresent@0 00437078     kernel32:KERNEL32.dll
 0002:0000007c       __imp__EncodePointer@4     0043707c     kernel32:KERNEL32.dll
 0002:00000080       __imp__TerminateProcess@8  00437080     kernel32:KERNEL32.dll
 0002:00000084       __imp__SetHandleCount@4    00437084     kernel32:KERNEL32.dll
 0002:00000088       __imp__GetStdHandle@4      00437088     kernel32:KERNEL32.dll
 0002:0000008c       __imp__InitializeCriticalSectionAndSpinCount@8 0043708c     kernel32:KERNEL32.dll
 0002:00000090       __imp__GetFileType@4       00437090     kernel32:KERNEL32.dll
 0002:00000094       __imp__GetStartupInfoW@4   00437094     kernel32:KERNEL32.dll
 0002:00000098       __imp__DeleteCriticalSection@4 00437098     kernel32:KERNEL32.dll
 0002:0000009c       __imp__Sleep@4             0043709c     kernel32:KERNEL32.dll
 0002:000000a0       __imp__LoadLibraryW@4      004370a0     kernel32:KERNEL32.dll
 0002:000000a4       __imp__GetLocaleInfoW@16   004370a4     kernel32:KERNEL32.dll
 0002:000000a8       __imp__TlsAlloc@0          004370a8     kernel32:KERNEL32.dll
 0002:000000ac       __imp__TlsGetValue@4       004370ac     kernel32:KERNEL32.dll
 0002:000000b0       __imp__TlsSetValue@8       004370b0     kernel32:KERNEL32.dll
 0002:000000b4       __imp__TlsFree@4           004370b4     kernel32:KERNEL32.dll
 0002:000000b8       __imp__SetLastError@4      004370b8     kernel32:KERNEL32.dll
 0002:000000bc       __imp__GetCurrentThreadId@0 004370bc     kernel32:KERNEL32.dll
 0002:000000c0       __imp__WriteFile@20        004370c0     kernel32:KERNEL32.dll
 0002:000000c4       __imp__GetModuleFileNameW@12 004370c4     kernel32:KERNEL32.dll
 0002:000000c8       __imp__HeapCreate@12       004370c8     kernel32:KERNEL32.dll
 0002:000000cc       __imp__FreeEnvironmentStringsW@4 004370cc     kernel32:KERNEL32.dll
 0002:000000d0       __imp__WideCharToMultiByte@32 004370d0     kernel32:KERNEL32.dll
 0002:000000d4       __imp__GetEnvironmentStringsW@0 004370d4     kernel32:KERNEL32.dll
 0002:000000d8       __imp__QueryPerformanceCounter@4 004370d8     kernel32:KERNEL32.dll
 0002:000000dc       __imp__GetTickCount@0      004370dc     kernel32:KERNEL32.dll
 0002:000000e0       __imp__GetCurrentProcessId@0 004370e0     kernel32:KERNEL32.dll
 0002:000000e4       __imp__IsProcessorFeaturePresent@4 004370e4     kernel32:KERNEL32.dll
 0002:000000e8       __imp__MultiByteToWideChar@24 004370e8     kernel32:KERNEL32.dll
 0002:000000ec       __imp__ReadFile@20         004370ec     kernel32:KERNEL32.dll
 0002:000000f0       __imp__GetCPInfo@8         004370f0     kernel32:KERNEL32.dll
 0002:000000f4       __imp__GetACP@0            004370f4     kernel32:KERNEL32.dll
 0002:000000f8       __imp__GetOEMCP@0          004370f8     kernel32:KERNEL32.dll
 0002:000000fc       __imp__IsValidCodePage@4   004370fc     kernel32:KERNEL32.dll
 0002:00000100       __imp__CompareStringW@24   00437100     kernel32:KERNEL32.dll
 0002:00000104       __imp__RaiseException@16   00437104     kernel32:KERNEL32.dll
 0002:00000108       __imp__LCMapStringW@24     00437108     kernel32:KERNEL32.dll
 0002:0000010c       __imp__GetTimeZoneInformation@4 0043710c     kernel32:KERNEL32.dll
 0002:00000110       __imp__GetFileAttributesA@4 00437110     kernel32:KERNEL32.dll
 0002:00000114       __imp__CreateFileA@28      00437114     kernel32:KERNEL32.dll
 0002:00000118       __imp__GetUserDefaultLCID@0 00437118     kernel32:KERNEL32.dll
 0002:0000011c       __imp__GetLocaleInfoA@16   0043711c     kernel32:KERNEL32.dll
 0002:00000120       __imp__EnumSystemLocalesA@8 00437120     kernel32:KERNEL32.dll
 0002:00000124       __imp__IsValidLocale@8     00437124     kernel32:KERNEL32.dll
 0002:00000128       __imp__GetStringTypeW@16   00437128     kernel32:KERNEL32.dll
 0002:0000012c       __imp__CreatePipe@16       0043712c     kernel32:KERNEL32.dll
 0002:00000130       __imp__GetExitCodeProcess@8 00437130     kernel32:KERNEL32.dll
 0002:00000134       __imp__WaitForSingleObject@8 00437134     kernel32:KERNEL32.dll
 0002:00000138       __imp__GetConsoleCP@0      00437138     kernel32:KERNEL32.dll
 0002:0000013c       __imp__GetConsoleMode@8    0043713c     kernel32:KERNEL32.dll
 0002:00000140       __imp__SetFilePointer@16   00437140     kernel32:KERNEL32.dll
 0002:00000144       __imp__FlushFileBuffers@4  00437144     kernel32:KERNEL32.dll
 0002:00000148       __imp__HeapSize@12         00437148     kernel32:KERNEL32.dll
 0002:0000014c       __imp__SetStdHandle@8      0043714c     kernel32:KERNEL32.dll
 0002:00000150       __imp__SetEndOfFile@4      00437150     kernel32:KERNEL32.dll
 0002:00000154       __imp__GetProcessHeap@0    00437154     kernel32:KERNEL32.dll
 0002:00000158       __imp__SetEnvironmentVariableA@8 00437158     kernel32:KERNEL32.dll
 0002:0000015c       __imp__WriteConsoleW@20    0043715c     kernel32:KERNEL32.dll
 0002:00000160       __imp__CreateFileW@28      00437160     kernel32:KERNEL32.dll
 0002:00000164       \177KERNEL32_NULL_THUNK_DATA 00437164     kernel32:KERNEL32.dll
 0002:00000168       ___xc_a                    00437168     LIBCMT:crt0init.obj
 0002:0000016c       ___xc_z                    0043716c     LIBCMT:crt0init.obj
 0002:00000170       ___xi_a                    00437170     LIBCMT:crt0init.obj
 0002:00000190       ___xi_z                    00437190     LIBCMT:crt0init.obj
 0002:00000194       ___xp_a                    00437194     LIBCMT:crt0init.obj
 0002:000001a4       ___xp_z                    004371a4     LIBCMT:crt0init.obj
 0002:000001a8       ___xt_a                    004371a8     LIBCMT:crt0init.obj
 0002:000001ac       ___xt_z                    004371ac     LIBCMT:crt0init.obj
 0002:000001cc       ??_C@_07FCDHCGBN@?$CFs?3?$CFd?3?5?$AA@ 004371cc     lua-5.1:lauxlib.obj
 0002:000001d4       ??_C@_02KHAMJCKP@Sl?$AA@   004371d4     lua-5.1:lauxlib.obj
 0002:000001d8       ??_C@_0BE@CBBDHBEP@stack?5overflow?5?$CI?$CFs?$CJ?$AA@ 004371d8     lua-5.1:lauxlib.obj
 0002:000001ec       ??_C@_01EEMJAFIK@?6?$AA@   004371ec     lua-5.1:lauxlib.obj
 0002:000001f0       ??_C@_0BB@BJDGDOHH@cannot?5?$CFs?5?$CFs?3?5?$CFs?$AA@ 004371f0     lua-5.1:lauxlib.obj
 0002:00000204       ??_C@_04POLDLDMI@read?$AA@ 00437204     lua-5.1:lauxlib.obj
 0002:0000020c       ??_C@_04PMOCAHAA@open?$AA@ 0043720c     lua-5.1:lauxlib.obj
 0002:00000214       ??_C@_01KDCPPGHE@r?$AA@    00437214     lua-5.1:lauxlib.obj
 0002:00000218       ??_C@_03HPDLNGOA@?$EA?$CFs?$AA@ 00437218     lua-5.1:lauxlib.obj
 0002:0000021c       ??_C@_06IEGCHAII@reopen?$AA@ 0043721c     lua-5.1:lauxlib.obj
 0002:00000224       ??_C@_02JDPG@rb?$AA@       00437224     lua-5.1:lauxlib.obj
 0002:00000228       ??_C@_06CCPPALKB@?$DNstdin?$AA@ 00437228     lua-5.1:lauxlib.obj
 0002:00000230       ??_C@_0DC@EFOPIIKP@PANIC?3?5unprotected?5error?5in?5call@ 00437230     lua-5.1:lauxlib.obj
 0002:00000264       ??_C@_03OFAPEBGM@?$CFs?6?$AA@ 00437264     lua-5.1:lauxlib.obj
 0002:00000268       ??_C@_06PDCMBPNP@_ALERT?$AA@ 00437268     lua-5.1:lauxlib.obj
 0002:00000270       ??_C@_0BO@GOMKJOAH@bad?5argument?5?$CD?$CFd?5to?5?8?$CFs?8?5?$CI?$CFs?$CJ?$AA@ 00437270     lua-5.1:lauxlib.obj
 0002:00000290       ??_C@_01OGPIMHDM@?$DP?$AA@ 00437290     lua-5.1:lauxlib.obj
 0002:00000294       ??_C@_0BO@LENGMNDF@calling?5?8?$CFs?8?5on?5bad?5self?5?$CI?$CFs?$CJ?$AA@ 00437294     lua-5.1:lauxlib.obj
 0002:000002b4       ??_C@_06GABBCIBA@method?$AA@ 004372b4     lua-5.1:lauxlib.obj
 0002:000002bc       ??_C@_0BG@CHJGEHJL@bad?5argument?5?$CD?$CFd?5?$CI?$CFs?$CJ?$AA@ 004372bc     lua-5.1:lauxlib.obj
 0002:000002d4       ??_C@_0BE@LDJANOJE@?$CFs?5expected?0?5got?5?$CFs?$AA@ 004372d4     lua-5.1:lauxlib.obj
 0002:000002e8       ??_C@_0P@PDHEKNMA@value?5expected?$AA@ 004372e8     lua-5.1:lauxlib.obj
 0002:000002f8       __real@0000000000000000    004372f8     lua-5.1:lauxlib.obj
 0002:00000300       ??_C@_0BO@CBJIAGLF@name?5conflict?5for?5module?5?8?$CFs?8?$AA@ 00437300     lua-5.1:lauxlib.obj
 0002:00000320       ??_C@_07PINPBNPB@_LOADED?$AA@ 00437320     lua-5.1:lauxlib.obj
 0002:00000328       ??_C@_0BE@HBADPNMP@invalid?5option?5?8?$CFs?8?$AA@ 00437328     lua-5.1:lauxlib.obj
 0002:00000340       _lua_ident                 00437340     lua-5.1:lapi.obj
 0002:000003d0       ??_C@_0BH@CCGEKEGO@no?5calling?5environment?$AA@ 004373d0     lua-5.1:lapi.obj
 0002:000003e8       ??_C@_08JEIPHCP@no?5value?$AA@ 004373e8     lua-5.1:lapi.obj
 0002:000003f4       ??_C@_05GFCDIDHO@debug?$AA@ 004373f4     lua-5.1:linit.obj
 0002:000003fc       ??_C@_04CFDJAKFL@math?$AA@ 004373fc     lua-5.1:linit.obj
 0002:00000404       ??_C@_02EHCHIAMF@os?$AA@   00437404     lua-5.1:linit.obj
 0002:00000408       ??_C@_02KFNNKBCK@io?$AA@   00437408     lua-5.1:linit.obj
 0002:0000040c       ??_C@_07KNEGBPNO@package?$AA@ 0043740c     lua-5.1:linit.obj
 0002:00000460       ??_C@_0N@NCKPGBEC@?$CI?$CKtemporary?$CJ?$AA@ 00437460     lua-5.1:ldebug.obj
 0002:00000470       ??_C@_03CBKFDHDL@Lua?$AA@  00437470     lua-5.1:ldebug.obj
 0002:00000474       ??_C@_04GHJNJNPO@main?$AA@ 00437474     lua-5.1:ldebug.obj
 0002:0000047c       ??_C@_04BKJOMPG@?$DN?$FLC?$FN?$AA@ 0043747c     lua-5.1:ldebug.obj
 0002:00000484       ??_C@_04DIFLAKIP@tail?$AA@ 00437484     lua-5.1:ldebug.obj
 0002:0000048c       ??_C@_0N@DIENKKJP@?$DN?$CItail?5call?$CJ?$AA@ 0043748c     lua-5.1:ldebug.obj
 0002:0000049c       ??_C@_07NAGMKCIK@upvalue?$AA@ 0043749c     lua-5.1:ldebug.obj
 0002:000004a4       ??_C@_05EIBGDMPB@field?$AA@ 004374a4     lua-5.1:ldebug.obj
 0002:000004ac       ??_C@_06FJKEMHGD@global?$AA@ 004374ac     lua-5.1:ldebug.obj
 0002:000004b4       ??_C@_05IDKHKMLA@local?$AA@ 004374b4     lua-5.1:ldebug.obj
 0002:000004bc       ??_C@_09BHPFBFOI@?$CFs?3?$CFd?3?5?$CFs?$AA@ 004374bc     lua-5.1:ldebug.obj
 0002:000004c8       ??_C@_0CD@HAGFMPIP@attempt?5to?5?$CFs?5?$CFs?5?8?$CFs?8?5?$CIa?5?$CFs?5valu@ 004374c8     lua-5.1:ldebug.obj
 0002:000004ec       ??_C@_0BJ@HGCMIDJD@attempt?5to?5?$CFs?5a?5?$CFs?5value?$AA@ 004374ec     lua-5.1:ldebug.obj
 0002:00000508       ??_C@_0M@LPKAOE@concatenate?$AA@ 00437508     lua-5.1:ldebug.obj
 0002:00000514       ??_C@_0BG@IOLALLOM@perform?5arithmetic?5on?$AA@ 00437514     lua-5.1:ldebug.obj
 0002:0000052c       ??_C@_0BO@DNBGDDFP@attempt?5to?5compare?5?$CFs?5with?5?$CFs?$AA@ 0043752c     lua-5.1:ldebug.obj
 0002:0000054c       ??_C@_0CB@DEJMKNMB@attempt?5to?5compare?5two?5?$CFs?5values@ 0043754c     lua-5.1:ldebug.obj
 0002:00000570       ??_C@_0BC@ENOOLCNF@not?5enough?5memory?$AA@ 00437570     lua-5.1:lstate.obj
 0002:00000588       _luaO_nilobject_           00437588     lua-5.1:lobject.obj
 0002:00000698       __real@41f0000000000000    00437698     lua-5.1:lobject.obj
 0002:000006a0       ??_C@_01FGNFDNOH@?$CF?$AA@ 004376a0     lua-5.1:lobject.obj
 0002:000006a4       ??_C@_02BBAHNLBA@?$CFp?$AA@ 004376a4     lua-5.1:lobject.obj
 0002:000006a8       ??_C@_06OJHGLDPL@?$CInull?$CJ?$AA@ 004376a8     lua-5.1:lobject.obj
 0002:000006b0       ??_C@_02DEGCJHHK@?$CC?$FN?$AA@ 004376b0     lua-5.1:lobject.obj
 0002:000006b4       ??_C@_09PHLFBDIK@?$FLstring?5?$CC?$AA@ 004376b4     lua-5.1:lobject.obj
 0002:000006c0       ??_C@_02LIIHNNHG@?6?$AN?$AA@ 004376c0     lua-5.1:lobject.obj
 0002:000006c4       ??_C@_03KHICJKCI@?4?4?4?$AA@ 004376c4     lua-5.1:lobject.obj
 0002:000006c8       ??_C@_0BI@KGOCJOGJ@error?5in?5error?5handling?$AA@ 004376c8     lua-5.1:ldo.obj
 0002:000006e0       ??_C@_04OMFAIDPG@call?$AA@ 004376e0     lua-5.1:ldo.obj
 0002:000006e8       ??_C@_0DD@CPKEKIFA@attempt?5to?5yield?5across?5metameth@ 004376e8     lua-5.1:ldo.obj
 0002:0000071c       ??_C@_0P@EODJGPIM@stack?5overflow?$AA@ 0043771c     lua-5.1:ldo.obj
 0002:0000072c       ??_C@_0BB@EJOGNINL@C?5stack?5overflow?$AA@ 0043772c     lua-5.1:ldo.obj
 0002:00000740       ??_C@_0CG@NAAHDPPN@cannot?5resume?5non?9suspended?5coro@ 00437740     lua-5.1:ldo.obj
 0002:00000768       ??_C@_08HGDAODEP@__concat?$AA@ 00437768     lua-5.1:ltm.obj
[...]
 0001:0000d830       _os_time                   0040e830 f   lua-5.1:loslib.obj
 0001:0000da80       _os_difftime               0040ea80 f   lua-5.1:loslib.obj
 0001:0000dae0       _os_setlocale              0040eae0 f   lua-5.1:loslib.obj
 0001:0000db30       _os_exit                   0040eb30 f   lua-5.1:loslib.obj
 0001:0000db70       _fileerror                 0040eb70 f   lua-5.1:liolib.obj
 0001:0000dbb0       _io_type                   0040ebb0 f   lua-5.1:liolib.obj
 0001:0000dc50       _io_noclose                0040ec50 f   lua-5.1:liolib.obj
 0001:0000dc80       _io_pclose                 0040ec80 f   lua-5.1:liolib.obj
 0001:0000dd00       _io_fclose                 0040ed00 f   lua-5.1:liolib.obj
 0001:0000dd80       _io_close                  0040ed80 f   lua-5.1:liolib.obj
 0001:0000de00       _io_gc                     0040ee00 f   lua-5.1:liolib.obj
 0001:0000de50       _io_tostring               0040ee50 f   lua-5.1:liolib.obj
 0001:0000dea0       _io_open                   0040eea0 f   lua-5.1:liolib.obj
 0001:0000df80       _io_popen                  0040ef80 f   lua-5.1:liolib.obj
 0001:0000e060       _io_tmpfile                0040f060 f   lua-5.1:liolib.obj
 0001:0000e0e0       _g_iofile                  0040f0e0 f   lua-5.1:liolib.obj
 0001:0000e1b0       _io_input                  0040f1b0 f   lua-5.1:liolib.obj
 0001:0000e1d0       _io_output                 0040f1d0 f   lua-5.1:liolib.obj
 0001:0000e1f0       _read_number               0040f1f0 f   lua-5.1:liolib.obj
 0001:0000e240       _read_line                 0040f240 f   lua-5.1:liolib.obj
 0001:0000e310       _read_chars                0040f310 f   lua-5.1:liolib.obj
 0001:0000e3b0       _g_read                    0040f3b0 f   lua-5.1:liolib.obj
 0001:0000e560       _io_read                   0040f560 f   lua-5.1:liolib.obj
 0001:0000e5b0       _f_read                    0040f5b0 f   lua-5.1:liolib.obj
 0001:0000e5f0       _io_readline               0040f5f0 f   lua-5.1:liolib.obj
 0001:0000e6c0       _g_write                   0040f6c0 f   lua-5.1:liolib.obj
 0001:0000e7b0       _io_write                  0040f7b0 f   lua-5.1:liolib.obj
 0001:0000e800       _f_write                   0040f800 f   lua-5.1:liolib.obj
 0001:0000e850       _f_seek                    0040f850 f   lua-5.1:liolib.obj
 0001:0000e900       _f_setvbuf                 0040f900 f   lua-5.1:liolib.obj
 0001:0000e9b0       _io_flush                  0040f9b0 f   lua-5.1:liolib.obj
 0001:0000ea50       _f_flush                   0040fa50 f   lua-5.1:liolib.obj
 0001:0000ed00       _f_lines                   0040fd00 f   lua-5.1:liolib.obj
 0001:0000ed60       _io_lines                  0040fd60 f   lua-5.1:liolib.obj
 0001:0000ee40       _foreachi                  0040fe40 f   lua-5.1:ltablib.obj
 0001:0000eed0       _foreach                   0040fed0 f   lua-5.1:ltablib.obj
 0001:0000ef60       _maxn                      0040ff60 f   lua-5.1:ltablib.obj
 0001:0000f000       _getn                      00410000 f   lua-5.1:ltablib.obj
 0001:0000f030       _setn                      00410030 f   lua-5.1:ltablib.obj
 0001:0000f060       _tinsert                   00410060 f   lua-5.1:ltablib.obj
 0001:0000f110       _tremove                   00410110 f   lua-5.1:ltablib.obj
 0001:0000f1b0       _tconcat                   004101b0 f   lua-5.1:ltablib.obj
 0001:0000f2f0       _auxsort                   004102f0 f   lua-5.1:ltablib.obj
 0001:0000f6e0       _sort                      004106e0 f   lua-5.1:ltablib.obj
 0001:0000f760       _setprogdir                00410760 f   lua-5.1:loadlib.obj
 0001:0000f7f0       _pusherror                 004107f0 f   lua-5.1:loadlib.obj
 0001:0000f850       _ll_register               00410850 f   lua-5.1:loadlib.obj
 0001:0000f8f0       _gctm                      004108f0 f   lua-5.1:loadlib.obj
 0001:0000f920       _ll_loadfunc               00410920 f   lua-5.1:loadlib.obj
 0001:0000f990       _ll_loadlib                00410990 f   lua-5.1:loadlib.obj
 0001:0000fa00       _findfile                  00410a00 f   lua-5.1:loadlib.obj
 0001:0000fb30       _loaderror                 00410b30 f   lua-5.1:loadlib.obj
 0001:0000fb70       _loader_Lua                00410b70 f   lua-5.1:loadlib.obj
 0001:0000fbe0       _mkfuncname                00410be0 f   lua-5.1:loadlib.obj
 0001:0000fc30       _loader_C                  00410c30 f   lua-5.1:loadlib.obj
 0001:0000fce0       _loader_Croot              00410ce0 f   lua-5.1:loadlib.obj
 0001:0000fd70       _loader_preload            00410d70 f   lua-5.1:loadlib.obj
 0001:0000fdf0       _ll_require                00410df0 f   lua-5.1:loadlib.obj
 0001:0000ffb0       _setfenv                   00410fb0 f   lua-5.1:loadlib.obj
 0001:00010020       _dooptions                 00411020 f   lua-5.1:loadlib.obj
 0001:00010060       _modinit                   00411060 f   lua-5.1:loadlib.obj
 0001:000100c0       _ll_module                 004110c0 f   lua-5.1:loadlib.obj
 0001:000101a0       _ll_seeall                 004111a0 f   lua-5.1:loadlib.obj
 0001:000103e0       _luaB_print                004113e0 f   lua-5.1:lbaselib.obj
 0001:000104b0       _luaB_tonumber             004114b0 f   lua-5.1:lbaselib.obj
 0001:000105c0       _luaB_error                004115c0 f   lua-5.1:lbaselib.obj
 0001:00010620       _luaB_getmetatable         00411620 f   lua-5.1:lbaselib.obj
 0001:00010670       _luaB_setmetatable         00411670 f   lua-5.1:lbaselib.obj
 0001:000106f0       _getfunc                   004116f0 f   lua-5.1:lbaselib.obj
 0001:000107a0       _luaB_getfenv              004117a0 f   lua-5.1:lbaselib.obj
 0001:000107f0       _luaB_setfenv              004117f0 f   lua-5.1:lbaselib.obj
 0001:00010890       _luaB_rawequal             00411890 f   lua-5.1:lbaselib.obj
 0001:000108d0       _luaB_rawget               004118d0 f   lua-5.1:lbaselib.obj
 0001:00010910       _luaB_rawset               00411910 f   lua-5.1:lbaselib.obj
 0001:00010950       _luaB_gcinfo               00411950 f   lua-5.1:lbaselib.obj
 0001:00010980       _luaB_collectgarbage       00411980 f   lua-5.1:lbaselib.obj
 0001:00010a20       _luaB_type                 00411a20 f   lua-5.1:lbaselib.obj
 0001:00010a50       _luaB_next                 00411a50 f   lua-5.1:lbaselib.obj
 0001:00010aa0       _luaB_pairs                00411aa0 f   lua-5.1:lbaselib.obj
 0001:00010ae0       _ipairsaux                 00411ae0 f   lua-5.1:lbaselib.obj
 0001:00010b30       _luaB_ipairs               00411b30 f   lua-5.1:lbaselib.obj
 0001:00010b70       _luaB_loadstring           00411b70 f   lua-5.1:lbaselib.obj
 0001:00010bd0       _luaB_loadfile             00411bd0 f   lua-5.1:lbaselib.obj
 0001:00010c20       _generic_reader            00411c20 f   lua-5.1:lbaselib.obj
 0001:00010ca0       _luaB_load                 00411ca0 f   lua-5.1:lbaselib.obj
 0001:00010d10       _luaB_dofile               00411d10 f   lua-5.1:lbaselib.obj
 0001:00010d60       _luaB_assert               00411d60 f   lua-5.1:lbaselib.obj
 0001:00010db0       _luaB_unpack               00411db0 f   lua-5.1:lbaselib.obj
 0001:00010e60       _luaB_select               00411e60 f   lua-5.1:lbaselib.obj
 0001:00010ee0       _luaB_pcall                00411ee0 f   lua-5.1:lbaselib.obj
 0001:00010f30       _luaB_xpcall               00411f30 f   lua-5.1:lbaselib.obj
 0001:00010f80       _luaB_tostring             00411f80 f   lua-5.1:lbaselib.obj
 0001:00011080       _luaB_newproxy             00412080 f   lua-5.1:lbaselib.obj
 0001:00011160       _costatus                  00412160 f   lua-5.1:lbaselib.obj
 0001:000111d0       _luaB_costatus             004121d0 f   lua-5.1:lbaselib.obj
 0001:00011220       _auxresume                 00412220 f   lua-5.1:lbaselib.obj
 0001:000112f0       _luaB_coresume             004122f0 f   lua-5.1:lbaselib.obj
 0001:00011370       _luaB_auxwrap              00412370 f   lua-5.1:lbaselib.obj
 0001:000113e0       _luaB_cocreate             004123e0 f   lua-5.1:lbaselib.obj
 0001:00011440       _luaB_cowrap               00412440 f   lua-5.1:lbaselib.obj
 0001:000114b0       _luaB_yield                004124b0 f   lua-5.1:lbaselib.obj
 0001:000114d0       _luaB_corunning            004124d0 f   lua-5.1:lbaselib.obj
 0001:00011500       _base_open                 00412500 f   lua-5.1:lbaselib.obj
 0001:00011770       _save                      00412770 f   lua-5.1:llex.obj
 0001:00011890       _txtToken                  00412890 f   lua-5.1:llex.obj
 0001:000119f0       _inclinenumber             004129f0 f   lua-5.1:llex.obj
 0001:00011b10       _check_next                00412b10 f   lua-5.1:llex.obj
 0001:00011b70       _trydecpoint               00412b70 f   lua-5.1:llex.obj
 0001:00011c50       _read_numeral              00412c50 f   lua-5.1:llex.obj
 0001:00011ed0       _skip_sep                  00412ed0 f   lua-5.1:llex.obj
 0001:00012010       _read_long_string          00413010 f   lua-5.1:llex.obj
 0001:00012360       _read_string               00413360 f   lua-5.1:llex.obj
 0001:00012870       _llex                      00413870 f   lua-5.1:llex.obj
 0001:00013130       _errorlimit                00414130 f   lua-5.1:lparser.obj
 0001:00013180       _check_match               00414180 f   lua-5.1:lparser.obj
 0001:000131f0       _codestring                004141f0 f   lua-5.1:lparser.obj
 0001:00013210       _checkname                 00414210 f   lua-5.1:lparser.obj
 0001:00013270       _registerlocalvar          00414270 f   lua-5.1:lparser.obj
 0001:00013320       _new_localvar              00414320 f   lua-5.1:lparser.obj
 0001:000133a0       _removevars                004143a0 f   lua-5.1:lparser.obj
 0001:000133e0       _indexupvalue              004143e0 f   lua-5.1:lparser.obj
 0001:00013530       _singlevaraux              00414530 f   lua-5.1:lparser.obj
 0001:00013610       _singlevar                 00414610 f   lua-5.1:lparser.obj
 0001:00013670       _adjust_assign             00414670 f   lua-5.1:lparser.obj
 0001:000136e0       _pushclosure               004146e0 f   lua-5.1:lparser.obj
 0001:000137d0       _open_func                 004147d0 f   lua-5.1:lparser.obj
 0001:00013890       _close_func                00414890 f   lua-5.1:lparser.obj
 0001:00013a70       _field                     00414a70 f   lua-5.1:lparser.obj
 0001:00013b00       _recfield                  00414b00 f   lua-5.1:lparser.obj
 0001:00013c10       _lastlistfield             00414c10 f   lua-5.1:lparser.obj
 0001:00013c70       _listfield                 00414c70 f   lua-5.1:lparser.obj
 0001:00013ce0       _constructor               00414ce0 f   lua-5.1:lparser.obj
 0001:00013ee0       _parlist                   00414ee0 f   lua-5.1:lparser.obj
 0001:00013fd0       _body                      00414fd0 f   lua-5.1:lparser.obj
 0001:000140e0       _explist1                  004150e0 f   lua-5.1:lparser.obj
 0001:00014120       _funcargs                  00415120 f   lua-5.1:lparser.obj
 0001:00014250       _prefixexp                 00415250 f   lua-5.1:lparser.obj
 0001:000142c0       _primaryexp                004152c0 f   lua-5.1:lparser.obj
 0001:00014530       _simpleexp                 00415530 f   lua-5.1:lparser.obj
 0001:00014710       _getbinopr                 00415710 f   lua-5.1:lparser.obj
 0001:000148c0       _subexpr                   004158c0 f   lua-5.1:lparser.obj
 0001:000149d0       _block                     004159d0 f   lua-5.1:lparser.obj
 0001:00014a50       _check_conflict            00415a50 f   lua-5.1:lparser.obj
 0001:00014ab0       _assignment                00415ab0 f   lua-5.1:lparser.obj
 0001:00014c00       _breakstat                 00415c00 f   lua-5.1:lparser.obj
 0001:00014c60       _whilestat                 00415c60 f   lua-5.1:lparser.obj
 0001:00014d80       _repeatstat                00415d80 f   lua-5.1:lparser.obj
 0001:00014f40       _forbody                   00415f40 f   lua-5.1:lparser.obj
 0001:000150f0       _fornum                    004160f0 f   lua-5.1:lparser.obj
 0001:00015260       _forlist                   00416260 f   lua-5.1:lparser.obj
 0001:00015480       _forstat                   00416480 f   lua-5.1:lparser.obj
 0001:00015590       _test_then_block           00416590 f   lua-5.1:lparser.obj
 0001:00015610       _ifstat                    00416610 f   lua-5.1:lparser.obj
 0001:000157f0       _localfunc                 004167f0 f   lua-5.1:lparser.obj
 0001:000158c0       _localstat                 004168c0 f   lua-5.1:lparser.obj
 0001:00015a00       _funcstat                  00416a00 f   lua-5.1:lparser.obj
 0001:00015b10       _retstat                   00416b10 f   lua-5.1:lparser.obj
 0001:00015c30       _statement                 00416c30 f   lua-5.1:lparser.obj
 0001:00015de0       _chunk                     00416de0 f   lua-5.1:lparser.obj
 0001:00015f50       _LoadInt                   00416f50 f   lua-5.1:lundump.obj
 0001:00015fc0       _LoadString                00416fc0 f   lua-5.1:lundump.obj
 0001:00016070       _LoadCode                  00417070 f   lua-5.1:lundump.obj
 0001:000160f0       _LoadConstants             004170f0 f   lua-5.1:lundump.obj
 0001:00016390       _LoadDebug                 00417390 f   lua-5.1:lundump.obj
 0001:00016650       _LoadFunction              00417650 f   lua-5.1:lundump.obj
 0001:00016880       _LoadHeader                00417880 f   lua-5.1:lundump.obj
 0001:00016990       _need_value                00417990 f   lua-5.1:lcode.obj
 0001:000169f0       _removevalues              004179f0 f   lua-5.1:lcode.obj
 0001:00016a70       _patchlistaux              00417a70 f   lua-5.1:lcode.obj
 0001:00016cd0       _freeexp                   00417cd0 f   lua-5.1:lcode.obj
 0001:00016cf0       _addk                      00417cf0 f   lua-5.1:lcode.obj
 0001:00016f50       _invertjump                00417f50 f   lua-5.1:lcode.obj
 0001:00016fa0       _constfolding              00417fa0 f   lua-5.1:lcode.obj
 0001:000170b0       _luaK_code                 004180b0 f   lua-5.1:lcode.obj
 0001:00017480       _discharge2reg             00418480 f   lua-5.1:lcode.obj
 0001:000175d0       _discharge2anyreg          004185d0 f   lua-5.1:lcode.obj
 0001:00017620       _exp2reg                   00418620 f   lua-5.1:lcode.obj
 0001:00017bc0       _jumponcond                00418bc0 f   lua-5.1:lcode.obj
 0001:00017d80       _luaK_goiffalse            00418d80 f   lua-5.1:lcode.obj
 0001:00017e10       _codenot                   00418e10 f   lua-5.1:lcode.obj
 0001:00017f10       _codearith                 00418f10 f   lua-5.1:lcode.obj
 0001:00018010       _codecomp                  00419010 f   lua-5.1:lcode.obj
 0001:000189a0       _doexit                    004199a0 f   LIBCMT:crt0dat.obj
 0001:00018d53       _fast_error_exit           00419d53 f   LIBCMT:crt0.obj
 0001:00018d7c       ___tmainCRTStartup         00419d7c f   LIBCMT:crt0.obj
 0001:0001a2a9       ?strtoxl@@YAKPAUlocaleinfo_struct@@PBDPAPBDHH@Z 0041b2a9 f   LIBCMT:strtol.obj
 0001:0001ca2d       __make__time64_t           0041da2d f   LIBCMT:mktime64.obj
 0001:0001ce7f       _init_namebuf              0041de7f f   LIBCMT:tmpfile.obj
 0001:0001cf29       _genfname                  0041df29 f   LIBCMT:tmpfile.obj
 0001:0001d593       ?_store_str@@YAXPADPAPADPAI@Z 0041e593 f   LIBCMT:strftime.obj
 0001:0001d5b3       ?_store_num@@YAXHHPAPADPAII@Z 0041e5b3 f   LIBCMT:strftime.obj
 0001:0001d62e       ?_expandtime@@YAHPAUlocaleinfo_struct@@DPBUtm@@PAPADPAIPAU__lc_time_data@@I@Z 0041e62e f   LIBCMT:strftime.obj
 0001:0001d9e6       ?_store_winword@@YAHPAUlocaleinfo_struct@@HPBUtm@@PAPADPAIPAU__lc_time_data@@@Z 0041e9e6 f   LIBCMT:strftime.obj
 0001:0001dfeb       __copytlocinfo_nolock      0041efeb f   LIBCMT:setlocal.obj
 0001:0001e1df       __setlocale_get_all        0041f1df f   LIBCMT:setlocal.obj
 0001:0001e565       __setlocale_set_cat        0041f565 f   LIBCMT:setlocal.obj
 0001:0001e89f       __setlocale_nolock         0041f89f f   LIBCMT:setlocal.obj
 0001:0001ec2f       _idtab                     0041fc2f f   LIBCMT:popen.obj
 0001:0001fa5f       _flsall                    00420a5f f   LIBCMT:fflush.obj
 0001:0001fd1f       _write_char                00420d1f f   LIBCMT:output.obj
 0001:0001fd52       _write_string              00420d52 f   LIBCMT:output.obj
 0001:00021427       _siglookup                 00422427 f   LIBCMT:winsig.obj
 0001:00021c83       __onexit_nolock            00422c83 f   LIBCMT:onexit.obj
 0001:0002241e       _parse_cmdline             0042341e f   LIBCMT:stdargv.obj
 0001:000238d0       __unwind_handler4          004248d0 f   LIBCMT:exsup4.obj
 0001:00023b00       __shift                    00424b00 f   LIBCMT:cvt.obj
 0001:00023b45       __cftoe2_l                 00424b45 f   LIBCMT:cvt.obj
 0001:00024103       __cftof2_l                 00425103 f   LIBCMT:cvt.obj
 0001:00024487       ?CPtoLCID@@YAHH@Z          00425487 f   LIBCMT:mbctype.obj
 0001:000244b6       ?setSBCS@@YAXPAUthreadmbcinfostruct@@@Z 004254b6 f   LIBCMT:mbctype.obj
 0001:0002451a       ?setSBUpLow@@YAXPAUthreadmbcinfostruct@@@Z 0042551a f   LIBCMT:mbctype.obj
 0001:0002474e       ?getSystemCP@@YAHH@Z       0042574e f   LIBCMT:mbctype.obj
 0001:00025040       __unwind_handler           00426040 f   LIBCMT:exsup.obj
 0001:000251a2       ?__crtCompareStringA_stat@@YAHPAUlocaleinfo_struct@@KKPBDH1HH@Z 004261a2 f   LIBCMT:a_cmp.obj
 0001:000298ef       ?__crtLCMapStringA_stat@@YAHPAUlocaleinfo_struct@@KKPBDHPADHHH@Z 0042a8ef f   LIBCMT:a_map.obj
 0001:00029c91       __tzset_nolock             0042ac91 f   LIBCMT:tzset.obj
 0001:00029fa4       _cvtdate                   0042afa4 f   LIBCMT:tzset.obj
 0001:0002a19b       __isindst_nolock           0042b19b f   LIBCMT:tzset.obj
 0001:0002a844       _comexecmd                 0042b844 f   LIBCMT:spawnve.obj
 0001:0002ab8b       _xtoa_s@20                 0042bb8b f   LIBCMT:xtoas.obj
 0001:0002ae4b       __tsopen_nolock            0042be4b f   LIBCMT:open.obj
 0001:0002b9bc       __get_lc_time              0042c9bc f   LIBCMT:inittime.obj
 0001:0002d033       _TranslateName             0042e033 f   LIBCMT:getqloc.obj
 0001:0002d095       _ProcessCodePage           0042e095 f   LIBCMT:getqloc.obj
 0001:0002d119       _TestDefaultCountry        0042e119 f   LIBCMT:getqloc.obj
 0001:0002d13e       _LcidFromHexString         0042e13e f   LIBCMT:getqloc.obj
 0001:0002d16f       _GetPrimaryLen             0042e16f f   LIBCMT:getqloc.obj
 0001:0002d18a       _CountryEnumProc@4         0042e18a f   LIBCMT:getqloc.obj
 0001:0002d231       _TestDefaultLanguage       0042e231 f   LIBCMT:getqloc.obj
 0001:0002d28c       _LangCountryEnumProc@4     0042e28c f   LIBCMT:getqloc.obj
 0001:0002d45d       _LanguageEnumProc@4        0042e45d f   LIBCMT:getqloc.obj
 0001:0002d51d       _GetLcidFromLangCountry    0042e51d f   LIBCMT:getqloc.obj
 0001:0002d584       _GetLcidFromLanguage       0042e584 f   LIBCMT:getqloc.obj
 0001:0002ed05       ?__crtGetStringTypeA_stat@@YAHPAUlocaleinfo_struct@@KPBDHPAGHHH@Z 0042fd05 f   LIBCMT:a_str.obj
 0001:0002f42e       ___check_float_string      0043042e f   LIBCMT:input.obj
 0001:0002f485       __hextodec                 00430485 f   LIBCMT:input.obj
 0001:0002f4a5       __inc                      004304a5 f   LIBCMT:input.obj
 0001:0002f4bb       __whiteout                 004304bb f   LIBCMT:input.obj
 0001:000313f0       ?__crtGetLocaleInfoA_stat@@YAHPAUlocaleinfo_struct@@KKPADH@Z 004323f0 f   LIBCMT:a_loc.obj
 0001:000318ab       ?x_ismbbtype_l@@YAHPAUlocaleinfo_struct@@IHH@Z 004328ab f   LIBCMT:ismbbyte.obj
 0001:0003471b       _findenv                   0043571b f   LIBCMT:setenv.obj
 0001:0003476d       _copy_environ              0043576d f   LIBCMT:setenv.obj
 0001:000355da       __hw_cw                    004365da f   LIBCMT:_ieee87_.obj
 0001:00035668       ___hw_cw_sse2              00436668 f   LIBCMT:_ieee87_.obj
